Archive member included to satisfy reference by file (symbol)

/Applications/STM32CubeIDE.app/Contents/Eclipse/plugins/com.st.stm32cube.ide.mcu.externaltools.gnu-tools-for-stm32.12.3.rel1.macos64_1.1.0.202410301201/tools/bin/../lib/gcc/arm-none-eabi/12.3.1/thumb/v6-m/nofp/libgcc.a(_dvmd_tls.o)
                              CMakeFiles/my_blink.dir/Users/raeezjaldin/Pico/pico-sdk/src/rp2_common/pico_divider/divider_hardware.S.o (__aeabi_idiv0)
/Applications/STM32CubeIDE.app/Contents/Eclipse/plugins/com.st.stm32cube.ide.mcu.externaltools.gnu-tools-for-stm32.12.3.rel1.macos64_1.1.0.202410301201/tools/bin/../lib/gcc/arm-none-eabi/12.3.1/../../../../arm-none-eabi/lib/thumb/v6-m/nofp/libg.a(libc_a-calloc.o)
                              CMakeFiles/my_blink.dir/Users/raeezjaldin/Pico/pico-sdk/src/rp2_common/pico_malloc/malloc.c.o (calloc)
/Applications/STM32CubeIDE.app/Contents/Eclipse/plugins/com.st.stm32cube.ide.mcu.externaltools.gnu-tools-for-stm32.12.3.rel1.macos64_1.1.0.202410301201/tools/bin/../lib/gcc/arm-none-eabi/12.3.1/../../../../arm-none-eabi/lib/thumb/v6-m/nofp/libg.a(libc_a-callocr.o)
                              /Applications/STM32CubeIDE.app/Contents/Eclipse/plugins/com.st.stm32cube.ide.mcu.externaltools.gnu-tools-for-stm32.12.3.rel1.macos64_1.1.0.202410301201/tools/bin/../lib/gcc/arm-none-eabi/12.3.1/../../../../arm-none-eabi/lib/thumb/v6-m/nofp/libg.a(libc_a-calloc.o) (_calloc_r)
/Applications/STM32CubeIDE.app/Contents/Eclipse/plugins/com.st.stm32cube.ide.mcu.externaltools.gnu-tools-for-stm32.12.3.rel1.macos64_1.1.0.202410301201/tools/bin/../lib/gcc/arm-none-eabi/12.3.1/../../../../arm-none-eabi/lib/thumb/v6-m/nofp/libg.a(libc_a-malloc.o)
                              CMakeFiles/my_blink.dir/Users/raeezjaldin/Pico/pico-sdk/src/rp2_common/pico_malloc/malloc.c.o (malloc)
/Applications/STM32CubeIDE.app/Contents/Eclipse/plugins/com.st.stm32cube.ide.mcu.externaltools.gnu-tools-for-stm32.12.3.rel1.macos64_1.1.0.202410301201/tools/bin/../lib/gcc/arm-none-eabi/12.3.1/../../../../arm-none-eabi/lib/thumb/v6-m/nofp/libg.a(libc_a-mallocr.o)
                              /Applications/STM32CubeIDE.app/Contents/Eclipse/plugins/com.st.stm32cube.ide.mcu.externaltools.gnu-tools-for-stm32.12.3.rel1.macos64_1.1.0.202410301201/tools/bin/../lib/gcc/arm-none-eabi/12.3.1/../../../../arm-none-eabi/lib/thumb/v6-m/nofp/libg.a(libc_a-callocr.o) (_malloc_r)
/Applications/STM32CubeIDE.app/Contents/Eclipse/plugins/com.st.stm32cube.ide.mcu.externaltools.gnu-tools-for-stm32.12.3.rel1.macos64_1.1.0.202410301201/tools/bin/../lib/gcc/arm-none-eabi/12.3.1/../../../../arm-none-eabi/lib/thumb/v6-m/nofp/libg.a(libc_a-mlock.o)
                              /Applications/STM32CubeIDE.app/Contents/Eclipse/plugins/com.st.stm32cube.ide.mcu.externaltools.gnu-tools-for-stm32.12.3.rel1.macos64_1.1.0.202410301201/tools/bin/../lib/gcc/arm-none-eabi/12.3.1/../../../../arm-none-eabi/lib/thumb/v6-m/nofp/libg.a(libc_a-mallocr.o) (__malloc_lock)
/Applications/STM32CubeIDE.app/Contents/Eclipse/plugins/com.st.stm32cube.ide.mcu.externaltools.gnu-tools-for-stm32.12.3.rel1.macos64_1.1.0.202410301201/tools/bin/../lib/gcc/arm-none-eabi/12.3.1/../../../../arm-none-eabi/lib/thumb/v6-m/nofp/libg.a(libc_a-realloc.o)
                              CMakeFiles/my_blink.dir/Users/raeezjaldin/Pico/pico-sdk/src/rp2_common/pico_malloc/malloc.c.o (realloc)
/Applications/STM32CubeIDE.app/Contents/Eclipse/plugins/com.st.stm32cube.ide.mcu.externaltools.gnu-tools-for-stm32.12.3.rel1.macos64_1.1.0.202410301201/tools/bin/../lib/gcc/arm-none-eabi/12.3.1/../../../../arm-none-eabi/lib/thumb/v6-m/nofp/libg.a(libc_a-reallocr.o)
                              /Applications/STM32CubeIDE.app/Contents/Eclipse/plugins/com.st.stm32cube.ide.mcu.externaltools.gnu-tools-for-stm32.12.3.rel1.macos64_1.1.0.202410301201/tools/bin/../lib/gcc/arm-none-eabi/12.3.1/../../../../arm-none-eabi/lib/thumb/v6-m/nofp/libg.a(libc_a-realloc.o) (_realloc_r)
/Applications/STM32CubeIDE.app/Contents/Eclipse/plugins/com.st.stm32cube.ide.mcu.externaltools.gnu-tools-for-stm32.12.3.rel1.macos64_1.1.0.202410301201/tools/bin/../lib/gcc/arm-none-eabi/12.3.1/../../../../arm-none-eabi/lib/thumb/v6-m/nofp/libg.a(libc_a-memcmp.o)
                              CMakeFiles/my_blink.dir/fs_tests.c.o (memcmp)
/Applications/STM32CubeIDE.app/Contents/Eclipse/plugins/com.st.stm32cube.ide.mcu.externaltools.gnu-tools-for-stm32.12.3.rel1.macos64_1.1.0.202410301201/tools/bin/../lib/gcc/arm-none-eabi/12.3.1/../../../../arm-none-eabi/lib/thumb/v6-m/nofp/libg.a(libc_a-memmove.o)
                              /Applications/STM32CubeIDE.app/Contents/Eclipse/plugins/com.st.stm32cube.ide.mcu.externaltools.gnu-tools-for-stm32.12.3.rel1.macos64_1.1.0.202410301201/tools/bin/../lib/gcc/arm-none-eabi/12.3.1/../../../../arm-none-eabi/lib/thumb/v6-m/nofp/libg.a(libc_a-reallocr.o) (memmove)
[...]
Memory Configuration

Name             Origin             Length             Attributes
FLASH            0x10000000         0x00200000         xr
RAM              0x20000000         0x00040000         xrw
SCRATCH_X        0x20040000         0x00001000         xrw
SCRATCH_Y        0x20041000         0x00001000         xrw
*default*        0x00000000         0xffffffff

Linker script and memory map

LOAD /Applications/STM32CubeIDE.app/Contents/Eclipse/plugins/com.st.stm32cube.ide.mcu.externaltools.gnu-tools-for-stm32.12.3.rel1.macos64_1.1.0.202410301201/tools/bin/../lib/gcc/arm-none-eabi/12.3.1/thumb/v6-m/nofp/crti.o
LOAD /Applications/STM32CubeIDE.app/Contents/Eclipse/plugins/com.st.stm32cube.ide.mcu.externaltools.gnu-tools-for-stm32.12.3.rel1.macos64_1.1.0.202410301201/tools/bin/../lib/gcc/arm-none-eabi/12.3.1/thumb/v6-m/nofp/crtbegin.o
LOAD /Applications/STM32CubeIDE.app/Contents/Eclipse/plugins/com.st.stm32cube.ide.mcu.externaltools.gnu-tools-for-stm32.12.3.rel1.macos64_1.1.0.202410301201/tools/bin/../lib/gcc/arm-none-eabi/12.3.1/../../../../arm-none-eabi/lib/thumb/v6-m/nofp/crt0.o

.flash_begin    0x10000000        0x0
                0x10000000                        __flash_binary_start = .

.boot2          0x10000000      0x100
                0x10000000                        __boot2_start__ = .
 *(.boot2)
 .boot2         0x10000000      0x100 pico-sdk/src/rp2040/boot_stage2/CMakeFiles/bs2_default_library.dir/bs2_default_padded_checksummed.S.o
                0x10000100                        __boot2_end__ = .
                0x00000001                        ASSERT (((__boot2_end__ - __boot2_start__) == 0x100), ERROR: Pico second stage bootloader must be 256 bytes in size)

.text           0x10000100     0x92e4
                0x10000100                        __logical_binary_start = .
 *(.vectors)
 .vectors       0x10000100       0xd4 CMakeFiles/my_blink.dir/Users/raeezjaldin/Pico/pico-sdk/src/rp2_common/pico_crt0/crt0.S.o
                0x10000100                __VECTOR_TABLE
                0x10000100                __vectors
                0x100001c0                isr_irq13
                0x100001c0                isr_irq27
                0x100001c0                isr_irq31
                0x100001c0                isr_irq5
                0x100001c0                isr_irq11
                0x100001c0                isr_irq23
                0x100001c0                isr_irq18
                0x100001c0                isr_irq9
                0x100001c0                __unhandled_user_irq
                0x100001c0                isr_irq25
                0x100001c0                isr_irq4
                0x100001c0                isr_irq16
                0x100001c0                isr_irq29
                0x100001c0                isr_irq26
                0x100001c0                isr_irq3
                0x100001c0                isr_irq12
                0x100001c0                isr_irq30
                0x100001c0                isr_irq28
                0x100001c0                isr_irq19
                0x100001c0                isr_irq0
                0x100001c0                isr_irq6
                0x100001c0                isr_irq22
                0x100001c0                isr_irq17
                0x100001c0                isr_irq14
                0x100001c0                __vectors_end
                0x100001c0                __default_isrs_start
                0x100001c0                isr_irq2
                0x100001c0                isr_irq10
                0x100001c0                isr_irq8
                0x100001c0                isr_irq24
                0x100001c0                isr_irq1
                0x100001c0                isr_irq7
                0x100001c0                isr_irq21
                0x100001c0                isr_irq20
                0x100001c0                isr_irq15
                0x100001c6                unhandled_user_irq_num_in_r0
                0x100001c8                isr_invalid
                0x100001ca                isr_nmi
                0x100001cc                isr_hardfault
                0x100001ce                isr_svcall
                0x100001d0                isr_pendsv
                0x100001d2                isr_systick
                0x100001d4                __default_isrs_end
 *(.binary_info_header)
 .binary_info_header
                0x100001d4       0x14 CMakeFiles/my_blink.dir/Users/raeezjaldin/Pico/pico-sdk/src/rp2_common/pico_crt0/crt0.S.o
                0x100001e8                        __binary_info_header_end = .
 *(.embedded_block)
                0x100001e8                        __embedded_block_end = .
 *(.reset)
 .reset         0x100001e8       0x9c CMakeFiles/my_blink.dir/Users/raeezjaldin/Pico/pico-sdk/src/rp2_common/pico_crt0/crt0.S.o
                0x100001e8                _entry_point
 *(.init)
 .init          0x10000284        0x4 /Applications/STM32CubeIDE.app/Contents/Eclipse/plugins/com.st.stm32cube.ide.mcu.externaltools.gnu-tools-for-stm32.12.3.rel1.macos64_1.1.0.202410301201/tools/bin/../lib/gcc/arm-none-eabi/12.3.1/thumb/v6-m/nofp/crti.o
                0x10000284                _init
 *(EXCLUDE_FILE(*libm.a: *libc.a:*lib_a-mem*.o *libgcc.a:) .text*)
 .text          0x10000288       0x48 /Applications/STM32CubeIDE.app/Contents/Eclipse/plugins/com.st.stm32cube.ide.mcu.externaltools.gnu-tools-for-stm32.12.3.rel1.macos64_1.1.0.202410301201/tools/bin/../lib/gcc/arm-none-eabi/12.3.1/thumb/v6-m/nofp/crtbegin.o
 .text.startup.main
                0x100002d0       0x58 CMakeFiles/my_blink.dir/main.c.o
                0x100002d0                main
 .text.flash_user_capacity
                0x10000328        0x8 CMakeFiles/my_blink.dir/flash_ops.c.o
                0x10000328                flash_user_capacity
 .text.flash_read_safe
                0x10000330       0x58 CMakeFiles/my_blink.dir/flash_ops.c.o
                0x10000330                flash_read_safe
 .text.flash_write_sector_safe
                0x10000388       0xa0 CMakeFiles/my_blink.dir/flash_ops.c.o
                0x10000388                flash_write_sector_safe
 .text.fs_compute_layout
                0x10000428      0x1ec CMakeFiles/my_blink.dir/filesystem.c.o
 .text.fs_alloc_block
                0x10000614       0xa8 CMakeFiles/my_blink.dir/filesystem.c.o
 .text.fs_block_for_position.constprop.1
                0x100006bc       0x74 CMakeFiles/my_blink.dir/filesystem.c.o
 .text.fs_flush_metadata
                0x10000730      0x244 CMakeFiles/my_blink.dir/filesystem.c.o
 .text.fs_format
                0x10000974       0xe0 CMakeFiles/my_blink.dir/filesystem.c.o
                0x10000974                fs_format
 .text.fs_mount
                0x10000a54      0x33c CMakeFiles/my_blink.dir/filesystem.c.o
                0x10000a54                fs_mount
 .text.fs_open  0x10000d90      0x46c CMakeFiles/my_blink.dir/filesystem.c.o
                0x10000d90                fs_open
 .text.fs_close
                0x100011fc       0x94 CMakeFiles/my_blink.dir/filesystem.c.o
                0x100011fc                fs_close
 .text.fs_read  0x10001290      0x11c CMakeFiles/my_blink.dir/filesystem.c.o
                0x10001290                fs_read
 .text.fs_write
                0x100013ac      0x2f8 CMakeFiles/my_blink.dir/filesystem.c.o
                0x100013ac                fs_write
 .text.fs_seek  0x100016a4       0x88 CMakeFiles/my_blink.dir/filesystem.c.o
                0x100016a4                fs_seek
 .text.fs_test_set_data_block_limit
                0x1000172c       0x14 CMakeFiles/my_blink.dir/filesystem.c.o
                0x1000172c                fs_test_set_data_block_limit
 .text.fs_run_tests
                0x10001740      0xa00 CMakeFiles/my_blink.dir/fs_tests.c.o
                0x10001740                fs_run_tests
 .text.gpio_init
                0x10002140       0x40 CMakeFiles/my_blink.dir/Users/raeezjaldin/Pico/pico-sdk/src/rp2_common/hardware_gpio/gpio.c.o
                0x10002140                gpio_init
 .text.rp2040_chip_version
                0x10002180        0xc CMakeFiles/my_blink.dir/Users/raeezjaldin/Pico/pico-sdk/src/rp2040/pico_platform/platform.c.o
                0x10002180                rp2040_chip_version
 .text.panic    0x1000218c       0x30 CMakeFiles/my_blink.dir/Users/raeezjaldin/Pico/pico-sdk/src/rp2_common/pico_platform_panic/panic.c.o
                0x1000218c                panic
 .text.hw_claim_or_assert
                0x100021bc       0x44 CMakeFiles/my_blink.dir/Users/raeezjaldin/Pico/pico-sdk/src/common/hardware_claim/claim.c.o
                0x100021bc                hw_claim_or_assert
 .text.hw_claim_unused_from_range
                0x10002200       0x9c CMakeFiles/my_blink.dir/Users/raeezjaldin/Pico/pico-sdk/src/common/hardware_claim/claim.c.o
                0x10002200                hw_claim_unused_from_range
 .text.next_striped_spin_lock_num
                0x1000229c       0x18 CMakeFiles/my_blink.dir/Users/raeezjaldin/Pico/pico-sdk/src/rp2_common/hardware_sync/sync.c.o
                0x1000229c                next_striped_spin_lock_num
 .text.spin_lock_claim_unused
                0x100022b4       0x24 CMakeFiles/my_blink.dir/Users/raeezjaldin/Pico/pico-sdk/src/rp2_common/hardware_sync/sync.c.o
                0x100022b4                spin_lock_claim_unused
 .text.spin_locks_reset
                0x100022d8       0x1c CMakeFiles/my_blink.dir/Users/raeezjaldin/Pico/pico-sdk/src/rp2_common/hardware_sync_spin_lock/sync_spin_lock.c.o
                0x100022d8                spin_locks_reset
 .text.runtime_init_per_core_irq_priorities
                0x100022f4       0x24 CMakeFiles/my_blink.dir/Users/raeezjaldin/Pico/pico-sdk/src/rp2_common/hardware_irq/irq.c.o
                0x100022f4                runtime_init_per_core_irq_priorities
 .text.irq_set_enabled
                0x10002318       0x24 CMakeFiles/my_blink.dir/Users/raeezjaldin/Pico/pico-sdk/src/rp2_common/hardware_irq/irq.c.o
                0x10002318                irq_set_enabled
 .text.irq_is_enabled
                0x1000233c       0x18 CMakeFiles/my_blink.dir/Users/raeezjaldin/Pico/pico-sdk/src/rp2_common/hardware_irq/irq.c.o
                0x1000233c                irq_is_enabled
 .text.irq_set_pending
                0x10002354       0x10 CMakeFiles/my_blink.dir/Users/raeezjaldin/Pico/pico-sdk/src/rp2_common/hardware_irq/irq.c.o
                0x10002354                irq_set_pending
 .text.irq_has_shared_handler
                0x10002364       0x24 CMakeFiles/my_blink.dir/Users/raeezjaldin/Pico/pico-sdk/src/rp2_common/hardware_irq/irq.c.o
                0x10002364                irq_has_shared_handler
 .text.irq_set_exclusive_handler
                0x10002388       0x54 CMakeFiles/my_blink.dir/Users/raeezjaldin/Pico/pico-sdk/src/rp2_common/hardware_irq/irq.c.o
                0x10002388                irq_set_exclusive_handler
 .text.irq_add_shared_handler
                0x100023dc      0x1e0 CMakeFiles/my_blink.dir/Users/raeezjaldin/Pico/pico-sdk/src/rp2_common/hardware_irq/irq.c.o
                0x100023dc                irq_add_shared_handler
 .text.irq_add_tail_to_free_list
                0x100025bc       0xb4 CMakeFiles/my_blink.dir/Users/raeezjaldin/Pico/pico-sdk/src/rp2_common/hardware_irq/irq.c.o
                0x100025bc                irq_add_tail_to_free_list
 .text.user_irq_claim_unused
                0x10002670       0x2c CMakeFiles/my_blink.dir/Users/raeezjaldin/Pico/pico-sdk/src/rp2_common/hardware_irq/irq.c.o
                0x10002670                user_irq_claim_unused
 .text.lock_init
                0x1000269c       0x10 CMakeFiles/my_blink.dir/Users/raeezjaldin/Pico/pico-sdk/src/common/pico_sync/lock_core.c.o
                0x1000269c                lock_init
 .text.runtime_init_mutex
                0x100026ac       0x60 CMakeFiles/my_blink.dir/Users/raeezjaldin/Pico/pico-sdk/src/common/pico_sync/mutex.c.o
                0x100026ac                runtime_init_mutex
 .text.mutex_init
                0x1000270c       0x1c CMakeFiles/my_blink.dir/Users/raeezjaldin/Pico/pico-sdk/src/common/pico_sync/mutex.c.o
                0x1000270c                mutex_init
 .text.critical_section_init
                0x10002728       0x1c CMakeFiles/my_blink.dir/Users/raeezjaldin/Pico/pico-sdk/src/common/pico_sync/critical_section.c.o
                0x10002728                critical_section_init
 .text.critical_section_init_with_lock_num
                0x10002744       0x14 CMakeFiles/my_blink.dir/Users/raeezjaldin/Pico/pico-sdk/src/common/pico_sync/critical_section.c.o
                0x10002744                critical_section_init_with_lock_num
 .text.sleep_until_callback
                0x10002758       0x30 CMakeFiles/my_blink.dir/Users/raeezjaldin/Pico/pico-sdk/src/common/pico_time/time.c.o
 .text.alarm_pool_irq_handler
                0x10002788      0x2fc CMakeFiles/my_blink.dir/Users/raeezjaldin/Pico/pico-sdk/src/common/pico_time/time.c.o
 .text.runtime_init_default_alarm_pool
                0x10002a84       0xdc CMakeFiles/my_blink.dir/Users/raeezjaldin/Pico/pico-sdk/src/common/pico_time/time.c.o
                0x10002a84                runtime_init_default_alarm_pool
 .text.alarm_pool_get_default
                0x10002b60        0x8 CMakeFiles/my_blink.dir/Users/raeezjaldin/Pico/pico-sdk/src/common/pico_time/time.c.o
                0x10002b60                alarm_pool_get_default
 .text.alarm_pool_add_alarm_at
                0x10002b68       0xd4 CMakeFiles/my_blink.dir/Users/raeezjaldin/Pico/pico-sdk/src/common/pico_time/time.c.o
                0x10002b68                alarm_pool_add_alarm_at
 .text.alarm_pool_add_alarm_at_force_in_context
                0x10002c3c       0xb0 CMakeFiles/my_blink.dir/Users/raeezjaldin/Pico/pico-sdk/src/common/pico_time/time.c.o
                0x10002c3c                alarm_pool_add_alarm_at_force_in_context
 .text.alarm_pool_cancel_alarm
                0x10002cec       0x74 CMakeFiles/my_blink.dir/Users/raeezjaldin/Pico/pico-sdk/src/common/pico_time/time.c.o
                0x10002cec                alarm_pool_cancel_alarm
 .text.alarm_pool_core_num
                0x10002d60        0x4 CMakeFiles/my_blink.dir/Users/raeezjaldin/Pico/pico-sdk/src/common/pico_time/time.c.o
                0x10002d60                alarm_pool_core_num
 .text.sleep_until
                0x10002d64       0xd8 CMakeFiles/my_blink.dir/Users/raeezjaldin/Pico/pico-sdk/src/common/pico_time/time.c.o
                0x10002d64                sleep_until
 .text.sleep_ms
                0x10002e3c       0x38 CMakeFiles/my_blink.dir/Users/raeezjaldin/Pico/pico-sdk/src/common/pico_time/time.c.o
                0x10002e3c                sleep_ms
 .text.best_effort_wfe_or_timeout
                0x10002e74       0xf8 CMakeFiles/my_blink.dir/Users/raeezjaldin/Pico/pico-sdk/src/common/pico_time/time.c.o
                0x10002e74                best_effort_wfe_or_timeout
 .text.timer_hardware_alarm_claim
                0x10002f6c       0x14 CMakeFiles/my_blink.dir/Users/raeezjaldin/Pico/pico-sdk/src/rp2_common/hardware_timer/timer.c.o
                0x10002f6c                timer_hardware_alarm_claim
 .text.timer_time_us_64
                0x10002f80       0x10 CMakeFiles/my_blink.dir/Users/raeezjaldin/Pico/pico-sdk/src/rp2_common/hardware_timer/timer.c.o
                0x10002f80                timer_time_us_64
 .text.time_us_64
                0x10002f90       0x14 CMakeFiles/my_blink.dir/Users/raeezjaldin/Pico/pico-sdk/src/rp2_common/hardware_timer/timer.c.o
                0x10002f90                time_us_64
 .text.busy_wait_until
                0x10002fa4       0x20 CMakeFiles/my_blink.dir/Users/raeezjaldin/Pico/pico-sdk/src/rp2_common/hardware_timer/timer.c.o
                0x10002fa4                busy_wait_until
 .text.clock_configure_int_divider
                0x10002fc4       0xf0 CMakeFiles/my_blink.dir/Users/raeezjaldin/Pico/pico-sdk/src/rp2_common/hardware_clocks/clocks.c.o
                0x10002fc4                clock_configure_int_divider
 .text.clock_configure_undivided
                0x100030b4       0xe4 CMakeFiles/my_blink.dir/Users/raeezjaldin/Pico/pico-sdk/src/rp2_common/hardware_clocks/clocks.c.o
                0x100030b4                clock_configure_undivided
 .text.clock_get_hz
                0x10003198        0xc CMakeFiles/my_blink.dir/Users/raeezjaldin/Pico/pico-sdk/src/rp2_common/hardware_clocks/clocks.c.o
                0x10003198                clock_get_hz
 .text.pll_init
                0x100031a4       0xa0 CMakeFiles/my_blink.dir/Users/raeezjaldin/Pico/pico-sdk/src/rp2_common/hardware_pll/pll.c.o
                0x100031a4                pll_init
 .text.watchdog_reboot
                0x10003244       0x9c CMakeFiles/my_blink.dir/Users/raeezjaldin/Pico/pico-sdk/src/rp2_common/hardware_watchdog/watchdog.c.o
                0x10003244                watchdog_reboot
 .text.tick_start
                0x100032e0       0x10 CMakeFiles/my_blink.dir/Users/raeezjaldin/Pico/pico-sdk/src/rp2_common/hardware_ticks/ticks.c.o
                0x100032e0                tick_start
 .text.rom_func_lookup
                0x100032f0       0x10 CMakeFiles/my_blink.dir/Users/raeezjaldin/Pico/pico-sdk/src/rp2_common/pico_bootrom/bootrom.c.o
                0x100032f0                rom_func_lookup
 .text.rom_data_lookup
                0x10003300       0x10 CMakeFiles/my_blink.dir/Users/raeezjaldin/Pico/pico-sdk/src/rp2_common/pico_bootrom/bootrom.c.o
                0x10003300                rom_data_lookup
 .text.rom_funcs_lookup
                0x10003310       0x44 CMakeFiles/my_blink.dir/Users/raeezjaldin/Pico/pico-sdk/src/rp2_common/pico_bootrom/bootrom.c.o
                0x10003310                rom_funcs_lookup
 .text.rom_reset_usb_boot_extra
                0x10003354       0x28 CMakeFiles/my_blink.dir/Users/raeezjaldin/Pico/pico-sdk/src/rp2_common/pico_bootrom/bootrom.c.o
                0x10003354                rom_reset_usb_boot_extra
 .text.xosc_init
                0x1000337c       0x28 CMakeFiles/my_blink.dir/Users/raeezjaldin/Pico/pico-sdk/src/rp2_common/hardware_xosc/xosc.c.o
                0x1000337c                xosc_init
 .text.first_per_core_initializer
                0x100033a4        0x4 CMakeFiles/my_blink.dir/Users/raeezjaldin/Pico/pico-sdk/src/rp2_common/pico_runtime/runtime.c.o
 .text.hard_assertion_failure
                0x100033a8        0xc CMakeFiles/my_blink.dir/Users/raeezjaldin/Pico/pico-sdk/src/rp2_common/pico_runtime/runtime.c.o
                0x100033a8                hard_assertion_failure
 .text.runtime_run_initializers
                0x100033b4       0x28 CMakeFiles/my_blink.dir/Users/raeezjaldin/Pico/pico-sdk/src/rp2_common/pico_runtime/runtime.c.o
                0x100033b4                runtime_run_initializers
 .text.runtime_init_early_resets
                0x100033dc       0x2c CMakeFiles/my_blink.dir/Users/raeezjaldin/Pico/pico-sdk/src/rp2_common/pico_runtime_init/runtime_init.c.o
                0x100033dc                runtime_init_early_resets
 .text.runtime_init_usb_power_down
                0x10003408       0x1c CMakeFiles/my_blink.dir/Users/raeezjaldin/Pico/pico-sdk/src/rp2_common/pico_runtime_init/runtime_init.c.o
                0x10003408                runtime_init_usb_power_down
 .text.runtime_init_post_clock_resets
                0x10003424       0x20 CMakeFiles/my_blink.dir/Users/raeezjaldin/Pico/pico-sdk/src/rp2_common/pico_runtime_init/runtime_init.c.o
                0x10003424                runtime_init_post_clock_resets
 .text.runtime_init_rp2040_gpio_ie_disable
                0x10003444       0x14 CMakeFiles/my_blink.dir/Users/raeezjaldin/Pico/pico-sdk/src/rp2_common/pico_runtime_init/runtime_init.c.o
                0x10003444                runtime_init_rp2040_gpio_ie_disable
 .text.runtime_init_spin_locks_reset
                0x10003458        0x8 CMakeFiles/my_blink.dir/Users/raeezjaldin/Pico/pico-sdk/src/rp2_common/pico_runtime_init/runtime_init.c.o
                0x10003458                runtime_init_spin_locks_reset
 .text.runtime_init_install_ram_vector_table
                0x10003460       0xc4 CMakeFiles/my_blink.dir/Users/raeezjaldin/Pico/pico-sdk/src/rp2_common/pico_runtime_init/runtime_init.c.o
                0x10003460                runtime_init_install_ram_vector_table
 .text.runtime_init_clocks
                0x10003524       0xd8 CMakeFiles/my_blink.dir/Users/raeezjaldin/Pico/pico-sdk/src/rp2_common/pico_runtime_init/runtime_init_clocks.c.o
                0x10003524                runtime_init_clocks
 .text          0x100035fc       0x10 CMakeFiles/my_blink.dir/Users/raeezjaldin/Pico/pico-sdk/src/rp2_common/pico_bit_ops/bit_ops_aeabi.S.o
 .text.__wrap___aeabi_idiv
                0x1000360c       0x50 CMakeFiles/my_blink.dir/Users/raeezjaldin/Pico/pico-sdk/src/rp2_common/pico_divider/divider_hardware.S.o
                0x1000360c                __wrap___aeabi_idivmod
                0x1000360c                divmod_s32s32
                0x1000360c                div_s32s32
                0x1000360c                __wrap___aeabi_idiv
                0x10003614                divmod_s32s32_unsafe
                0x10003640                divmod_s32s32_savestate
 .text.__wrap___aeabi_uidiv
                0x1000365c       0x4c CMakeFiles/my_blink.dir/Users/raeezjaldin/Pico/pico-sdk/src/rp2_common/pico_divider/divider_hardware.S.o
                0x1000365c                __wrap___aeabi_uidiv
                0x1000365c                __wrap___aeabi_uidivmod
                0x1000365c                div_u32u32
                0x1000365c                divmod_u32u32
                0x10003664                divmod_u32u32_unsafe
                0x1000368c                divmod_u32u32_savestate
 .text.__wrap___aeabi_ldiv
                0x100036a8      0x424 CMakeFiles/my_blink.dir/Users/raeezjaldin/Pico/pico-sdk/src/rp2_common/pico_divider/divider_hardware.S.o
                0x100036a8                __wrap___aeabi_ldivmod
                0x100036a8                div_s64s64
                0x100036a8                divmod_s64s64
                0x100036d8                divmod_u64u64
                0x100036d8                div_u64u64
                0x100036d8                __wrap___aeabi_uldivmod
                0x100036e8                divmod_u64u64_savestate
                0x10003708                divmod_s64s64_unsafe
                0x10003790                divmod_u64u64_unsafe
 .text.__wrap___aeabi_darithmetic
                0x10003acc       0x80 CMakeFiles/my_blink.dir/Users/raeezjaldin/Pico/pico-sdk/src/rp2_common/pico_double/double_aeabi_rp2040.S.o
                0x10003acc                __wrap___aeabi_drsub
                0x10003ad2                __wrap___aeabi_dsub
                0x10003ae4                __wrap___aeabi_dadd
                0x10003af6                __wrap___aeabi_ddiv
                0x10003b32                __wrap___aeabi_dmul
 .text.__wrap___aeabi_cdcmple
                0x10003b4c       0x6c CMakeFiles/my_blink.dir/Users/raeezjaldin/Pico/pico-sdk/src/rp2_common/pico_double/double_aeabi_rp2040.S.o
                0x10003b4c                __wrap___aeabi_cdrcmple
                0x10003b5c                __wrap___aeabi_cdcmple
                0x10003b5c                __wrap___aeabi_cdcmpeq
 .text.__wrap___aeabi_dcmplt
                0x10003bb8        0xc CMakeFiles/my_blink.dir/Users/raeezjaldin/Pico/pico-sdk/src/rp2_common/pico_double/double_aeabi_rp2040.S.o
                0x10003bb8                __wrap___aeabi_dcmplt
 .text.__wrap___aeabi_dcmpge
                0x10003bc4       0x10 CMakeFiles/my_blink.dir/Users/raeezjaldin/Pico/pico-sdk/src/rp2_common/pico_double/double_aeabi_rp2040.S.o
                0x10003bc4                __wrap___aeabi_dcmpge
 .text.__wrap___aeabi_dcmpgt
                0x10003bd4        0xa CMakeFiles/my_blink.dir/Users/raeezjaldin/Pico/pico-sdk/src/rp2_common/pico_double/double_aeabi_rp2040.S.o
                0x10003bd4                __wrap___aeabi_dcmpgt
 .text.__wrap___aeabi_dcmpun
                0x10003bde       0x18 CMakeFiles/my_blink.dir/Users/raeezjaldin/Pico/pico-sdk/src/rp2_common/pico_double/double_aeabi_rp2040.S.o
                0x10003bde                __wrap___aeabi_dcmpun
 *fill*         0x10003bf6        0x2 
 .text.__wrap___aeabi_i2d
                0x10003bf8       0x38 CMakeFiles/my_blink.dir/Users/raeezjaldin/Pico/pico-sdk/src/rp2_common/pico_double/double_aeabi_rp2040.S.o
                0x10003bf8                __wrap___aeabi_ui2d
                0x10003bf8                uint2double
                0x10003c00                __wrap___aeabi_i2d
                0x10003c00                int2double
 .text.__wrap___aeabi_d2iz
                0x10003c30       0x48 CMakeFiles/my_blink.dir/Users/raeezjaldin/Pico/pico-sdk/src/rp2_common/pico_double/double_aeabi_rp2040.S.o
                0x10003c30                __wrap___aeabi_d2iz
                0x10003c30                double2int_z
 .text.__wrap___aeabi_d2uiz
                0x10003c78       0x18 CMakeFiles/my_blink.dir/Users/raeezjaldin/Pico/pico-sdk/src/rp2_common/pico_double/double_aeabi_rp2040.S.o
                0x10003c78                double2uint_z
                0x10003c78                double2uint
                0x10003c78                __wrap___aeabi_d2uiz
 .text.__aeabi_double_init
                0x10003c90       0xa4 CMakeFiles/my_blink.dir/Users/raeezjaldin/Pico/pico-sdk/src/rp2_common/pico_double/double_init_rom_rp2040.c.o
                0x10003c90                __aeabi_double_init
 .text.double_table_shim_on_use_helper
                0x10003d34       0x2c CMakeFiles/my_blink.dir/Users/raeezjaldin/Pico/pico-sdk/src/rp2_common/pico_double/double_v1_rom_shim_rp2040.S.o
                0x10003d34                double_table_shim_on_use_helper
 .text.__wrap___aeabi_dsub
                0x10003d60       0x10 CMakeFiles/my_blink.dir/Users/raeezjaldin/Pico/pico-sdk/src/rp2_common/pico_double/double_v1_rom_shim_rp2040.S.o
                0x10003d60                drsub_shim
                0x10003d66                dsub_shim
 .text.dadd_shim
                0x10003d70      0x15c CMakeFiles/my_blink.dir/Users/raeezjaldin/Pico/pico-sdk/src/rp2_common/pico_double/double_v1_rom_shim_rp2040.S.o
                0x10003d70                dadd_shim
 .text.dmul_shim
                0x10003ecc      0x15c CMakeFiles/my_blink.dir/Users/raeezjaldin/Pico/pico-sdk/src/rp2_common/pico_double/double_v1_rom_shim_rp2040.S.o
                0x10003ecc                dmul_shim
 .text.ddiv_shim
                0x10004028      0x1b0 CMakeFiles/my_blink.dir/Users/raeezjaldin/Pico/pico-sdk/src/rp2_common/pico_double/double_v1_rom_shim_rp2040.S.o
                0x10004028                ddiv_shim
 .text.double2uint_shim
                0x100041d8        0xe CMakeFiles/my_blink.dir/Users/raeezjaldin/Pico/pico-sdk/src/rp2_common/pico_double/double_v1_rom_shim_rp2040.S.o
                0x100041d8                double2uint_shim
                0x100041da                double2ufix_shim
 *fill*         0x100041e6        0x2 
 .text.double2uint64_shim
                0x100041e8       0x70 CMakeFiles/my_blink.dir/Users/raeezjaldin/Pico/pico-sdk/src/rp2_common/pico_double/double_v1_rom_shim_rp2040.S.o
                0x100041e8                double2uint64_shim
                0x100041ea                double2ufix64_shim
                0x1000420a                d2fix_a
 .text.dunpacks
                0x10004258       0x3c CMakeFiles/my_blink.dir/Users/raeezjaldin/Pico/pico-sdk/src/rp2_common/pico_double/double_v1_rom_shim_rp2040.S.o
                0x10004258                dunpacks
 .text.__aeabi_lmul
                0x10004294       0x32 CMakeFiles/my_blink.dir/Users/raeezjaldin/Pico/pico-sdk/src/rp2_common/pico_int64_ops/pico_int64_ops_aeabi.S.o
                0x10004294                __wrap___aeabi_lmul
 *fill*         0x100042c6        0x2 
 .text.__aeabi_float_init
                0x100042c8       0x64 CMakeFiles/my_blink.dir/Users/raeezjaldin/Pico/pico-sdk/src/rp2_common/pico_float/float_init_rom_rp2040.c.o
                0x100042c8                __aeabi_float_init
 .text.float_table_shim_on_use_helper
                0x1000432c       0x2c CMakeFiles/my_blink.dir/Users/raeezjaldin/Pico/pico-sdk/src/rp2_common/pico_float/float_v1_rom_shim_rp2040.S.o
                0x1000432c                float_table_shim_on_use_helper
 .text.__wrap_calloc
                0x10004358       0x28 CMakeFiles/my_blink.dir/Users/raeezjaldin/Pico/pico-sdk/src/rp2_common/pico_malloc/malloc.c.o
                0x10004358                __wrap_calloc
 .text.__wrap_realloc
                0x10004380       0x24 CMakeFiles/my_blink.dir/Users/raeezjaldin/Pico/pico-sdk/src/rp2_common/pico_malloc/malloc.c.o
                0x10004380                __wrap_realloc
 .text.__wrap_free
                0x100043a4        0x8 CMakeFiles/my_blink.dir/Users/raeezjaldin/Pico/pico-sdk/src/rp2_common/pico_malloc/malloc.c.o
                0x100043a4                __wrap_free
 .text          0x100043ac       0x10 CMakeFiles/my_blink.dir/Users/raeezjaldin/Pico/pico-sdk/src/rp2_common/pico_mem_ops/mem_ops_aeabi.S.o
                0x100043ac                __aeabi_mem_init
 .text.memset   0x100043bc        0xc CMakeFiles/my_blink.dir/Users/raeezjaldin/Pico/pico-sdk/src/rp2_common/pico_mem_ops/mem_ops_aeabi.S.o
                0x100043bc                __wrap_memset
 .text.memcpy   0x100043c8        0xc CMakeFiles/my_blink.dir/Users/raeezjaldin/Pico/pico-sdk/src/rp2_common/pico_mem_ops/mem_ops_aeabi.S.o
                0x100043c8                __wrap___aeabi_memcpy
                0x100043c8                __wrap_memcpy
 .text._out_null
                0x100043d4        0x4 CMakeFiles/my_blink.dir/Users/raeezjaldin/Pico/pico-sdk/src/rp2_common/pico_printf/printf.c.o
 .text._out_rev
                0x100043d8       0x90 CMakeFiles/my_blink.dir/Users/raeezjaldin/Pico/pico-sdk/src/rp2_common/pico_printf/printf.c.o
 .text._ntoa_format
                0x10004468      0x208 CMakeFiles/my_blink.dir/Users/raeezjaldin/Pico/pico-sdk/src/rp2_common/pico_printf/printf.c.o
 .text._out_char
                0x10004670       0x10 CMakeFiles/my_blink.dir/Users/raeezjaldin/Pico/pico-sdk/src/rp2_common/pico_printf/printf.c.o
 .text._out_fct
                0x10004680       0x10 CMakeFiles/my_blink.dir/Users/raeezjaldin/Pico/pico-sdk/src/rp2_common/pico_printf/printf.c.o
 .text._etoa    0x10004690      0x464 CMakeFiles/my_blink.dir/Users/raeezjaldin/Pico/pico-sdk/src/rp2_common/pico_printf/printf.c.o
 .text._ftoa    0x10004af4      0x3c4 CMakeFiles/my_blink.dir/Users/raeezjaldin/Pico/pico-sdk/src/rp2_common/pico_printf/printf.c.o
 .text._vsnprintf
                0x10004eb8      0xc18 CMakeFiles/my_blink.dir/Users/raeezjaldin/Pico/pico-sdk/src/rp2_common/pico_printf/printf.c.o
 .text.vfctprintf
                0x10005ad0       0x20 CMakeFiles/my_blink.dir/Users/raeezjaldin/Pico/pico-sdk/src/rp2_common/pico_printf/printf.c.o
                0x10005ad0                vfctprintf
 .text.weak_raw_vprintf
                0x10005af0       0x30 CMakeFiles/my_blink.dir/Users/raeezjaldin/Pico/pico-sdk/src/rp2_common/pico_printf/printf.c.o
                0x10005af0                weak_raw_vprintf
 .text._exit    0x10005b20        0x4 CMakeFiles/my_blink.dir/Users/raeezjaldin/Pico/pico-sdk/src/rp2_common/pico_clib_interface/newlib_interface.c.o
                0x10005b20                _exit
 .text._sbrk    0x10005b24       0x34 CMakeFiles/my_blink.dir/Users/raeezjaldin/Pico/pico-sdk/src/rp2_common/pico_clib_interface/newlib_interface.c.o
                0x10005b24                _sbrk
 .text.exit     0x10005b58        0x8 CMakeFiles/my_blink.dir/Users/raeezjaldin/Pico/pico-sdk/src/rp2_common/pico_clib_interface/newlib_interface.c.o
                0x10005b58                exit
 .text.runtime_init
                0x10005b60       0x2c CMakeFiles/my_blink.dir/Users/raeezjaldin/Pico/pico-sdk/src/rp2_common/pico_clib_interface/newlib_interface.c.o
                0x10005b60                runtime_init
 .text.stdio_out_chars_no_crlf
                0x10005b8c       0x10 CMakeFiles/my_blink.dir/Users/raeezjaldin/Pico/pico-sdk/src/rp2_common/pico_stdio/stdio.c.o
 .text.stdio_out_chars_crlf
                0x10005b9c       0x94 CMakeFiles/my_blink.dir/Users/raeezjaldin/Pico/pico-sdk/src/rp2_common/pico_stdio/stdio.c.o
 .text.stdio_buffered_printer
                0x10005c30       0x64 CMakeFiles/my_blink.dir/Users/raeezjaldin/Pico/pico-sdk/src/rp2_common/pico_stdio/stdio.c.o
 .text.stdio_put_string
                0x10005c94      0x100 CMakeFiles/my_blink.dir/Users/raeezjaldin/Pico/pico-sdk/src/rp2_common/pico_stdio/stdio.c.o
                0x10005c94                stdio_put_string
 .text.stdio_set_driver_enabled
                0x10005d94       0x30 CMakeFiles/my_blink.dir/Users/raeezjaldin/Pico/pico-sdk/src/rp2_common/pico_stdio/stdio.c.o
                0x10005d94                stdio_set_driver_enabled
 .text.stdio_init_all
                0x10005dc4        0x8 CMakeFiles/my_blink.dir/Users/raeezjaldin/Pico/pico-sdk/src/rp2_common/pico_stdio/stdio.c.o
                0x10005dc4                stdio_init_all
 .text.__wrap_putchar
                0x10005dcc       0x98 CMakeFiles/my_blink.dir/Users/raeezjaldin/Pico/pico-sdk/src/rp2_common/pico_stdio/stdio.c.o
                0x10005dcc                stdio_putchar
                0x10005dcc                __wrap_putchar
 .text.__wrap_puts
                0x10005e64       0x3c CMakeFiles/my_blink.dir/Users/raeezjaldin/Pico/pico-sdk/src/rp2_common/pico_stdio/stdio.c.o
                0x10005e64                __wrap_puts
                0x10005e64                stdio_puts
 .text.__wrap_vprintf
                0x10005ea0       0xd4 CMakeFiles/my_blink.dir/Users/raeezjaldin/Pico/pico-sdk/src/rp2_common/pico_stdio/stdio.c.o
                0x10005ea0                __wrap_vprintf
                0x10005ea0                stdio_vprintf
 .text.__wrap_printf
                0x10005f74       0x18 CMakeFiles/my_blink.dir/Users/raeezjaldin/Pico/pico-sdk/src/rp2_common/pico_stdio/stdio.c.o
                0x10005f74                stdio_printf
                0x10005f74                __wrap_printf
 .text.resetd_init
                0x10005f8c        0x4 CMakeFiles/my_blink.dir/Users/raeezjaldin/Pico/pico-sdk/src/rp2_common/pico_stdio_usb/reset_interface.c.o
 .text.resetd_reset
                0x10005f90        0xc CMakeFiles/my_blink.dir/Users/raeezjaldin/Pico/pico-sdk/src/rp2_common/pico_stdio_usb/reset_interface.c.o
 .text.resetd_open
                0x10005f9c       0x28 CMakeFiles/my_blink.dir/Users/raeezjaldin/Pico/pico-sdk/src/rp2_common/pico_stdio_usb/reset_interface.c.o
 .text.resetd_xfer_cb
                0x10005fc4        0x4 CMakeFiles/my_blink.dir/Users/raeezjaldin/Pico/pico-sdk/src/rp2_common/pico_stdio_usb/reset_interface.c.o
 .text.resetd_control_xfer_cb
                0x10005fc8       0x5c CMakeFiles/my_blink.dir/Users/raeezjaldin/Pico/pico-sdk/src/rp2_common/pico_stdio_usb/reset_interface.c.o
 .text.tud_descriptor_bos_cb
                0x10006024        0x8 CMakeFiles/my_blink.dir/Users/raeezjaldin/Pico/pico-sdk/src/rp2_common/pico_stdio_usb/reset_interface.c.o
                0x10006024                tud_descriptor_bos_cb
 .text.tud_vendor_control_xfer_cb
                0x1000602c       0x34 CMakeFiles/my_blink.dir/Users/raeezjaldin/Pico/pico-sdk/src/rp2_common/pico_stdio_usb/reset_interface.c.o
                0x1000602c                tud_vendor_control_xfer_cb
 .text.usbd_app_driver_get_cb
                0x10006060        0xc CMakeFiles/my_blink.dir/Users/raeezjaldin/Pico/pico-sdk/src/rp2_common/pico_stdio_usb/reset_interface.c.o
                0x10006060                usbd_app_driver_get_cb
 .text.tud_cdc_line_coding_cb
                0x1000606c       0x2c CMakeFiles/my_blink.dir/Users/raeezjaldin/Pico/pico-sdk/src/rp2_common/pico_stdio_usb/reset_interface.c.o
                0x1000606c                tud_cdc_line_coding_cb
 .text.stdio_usb_set_chars_available_callback
                0x10006098       0x14 CMakeFiles/my_blink.dir/Users/raeezjaldin/Pico/pico-sdk/src/rp2_common/pico_stdio_usb/stdio_usb.c.o
                0x10006098                stdio_usb_set_chars_available_callback
 .text.usb_irq  0x100060ac       0x10 CMakeFiles/my_blink.dir/Users/raeezjaldin/Pico/pico-sdk/src/rp2_common/pico_stdio_usb/stdio_usb.c.o
 .text.timer_task
                0x100060bc       0x64 CMakeFiles/my_blink.dir/Users/raeezjaldin/Pico/pico-sdk/src/rp2_common/pico_stdio_usb/stdio_usb.c.o
 .text.stdio_usb_in_chars
                0x10006120       0x90 CMakeFiles/my_blink.dir/Users/raeezjaldin/Pico/pico-sdk/src/rp2_common/pico_stdio_usb/stdio_usb.c.o
                0x10006120                stdio_usb_in_chars
 .text.stdio_usb_out_flush
                0x100061b0       0x50 CMakeFiles/my_blink.dir/Users/raeezjaldin/Pico/pico-sdk/src/rp2_common/pico_stdio_usb/stdio_usb.c.o
 .text.stdio_usb_out_chars
                0x10006200      0x104 CMakeFiles/my_blink.dir/Users/raeezjaldin/Pico/pico-sdk/src/rp2_common/pico_stdio_usb/stdio_usb.c.o
 .text.low_priority_worker_irq
                0x10006304       0xcc CMakeFiles/my_blink.dir/Users/raeezjaldin/Pico/pico-sdk/src/rp2_common/pico_stdio_usb/stdio_usb.c.o
 .text.stdio_usb_init
                0x100063d0       0xec CMakeFiles/my_blink.dir/Users/raeezjaldin/Pico/pico-sdk/src/rp2_common/pico_stdio_usb/stdio_usb.c.o
                0x100063d0                stdio_usb_init
 .text.tud_descriptor_device_cb
                0x100064bc        0x8 CMakeFiles/my_blink.dir/Users/raeezjaldin/Pico/pico-sdk/src/rp2_common/pico_stdio_usb/stdio_usb_descriptors.c.o
                0x100064bc                tud_descriptor_device_cb
 .text.tud_descriptor_configuration_cb
                0x100064c4        0x8 CMakeFiles/my_blink.dir/Users/raeezjaldin/Pico/pico-sdk/src/rp2_common/pico_stdio_usb/stdio_usb_descriptors.c.o
                0x100064c4                tud_descriptor_configuration_cb
 .text.tud_descriptor_string_cb
                0x100064cc       0x78 CMakeFiles/my_blink.dir/Users/raeezjaldin/Pico/pico-sdk/src/rp2_common/pico_stdio_usb/stdio_usb_descriptors.c.o
                0x100064cc                tud_descriptor_string_cb
 .text.startup._retrieve_unique_id_on_boot
                0x10006544       0x10 CMakeFiles/my_blink.dir/Users/raeezjaldin/Pico/pico-sdk/src/rp2_common/pico_unique_id/unique_id.c.o
 .text.pico_get_unique_board_id_string
                0x10006554      0x1a8 CMakeFiles/my_blink.dir/Users/raeezjaldin/Pico/pico-sdk/src/rp2_common/pico_unique_id/unique_id.c.o
                0x10006554                pico_get_unique_board_id_string
 .text.flash_get_unique_id
                0x100066fc       0x40 CMakeFiles/my_blink.dir/Users/raeezjaldin/Pico/pico-sdk/src/rp2_common/hardware_flash/flash.c.o
                0x100066fc                flash_get_unique_id
 .text.dcd_init
                0x1000673c       0x90 CMakeFiles/my_blink.dir/Users/raeezjaldin/Pico/pico-sdk/lib/tinyusb/src/portable/raspberrypi/rp2040/dcd_rp2040.c.o
                0x1000673c                dcd_init
 .text.dcd_int_enable
                0x100067cc        0xc CMakeFiles/my_blink.dir/Users/raeezjaldin/Pico/pico-sdk/lib/tinyusb/src/portable/raspberrypi/rp2040/dcd_rp2040.c.o
                0x100067cc                dcd_int_enable
 .text.dcd_set_address
                0x100067d8       0x14 CMakeFiles/my_blink.dir/Users/raeezjaldin/Pico/pico-sdk/lib/tinyusb/src/portable/raspberrypi/rp2040/dcd_rp2040.c.o
                0x100067d8                dcd_set_address
 .text.dcd_sof_enable
                0x100067ec       0x1c CMakeFiles/my_blink.dir/Users/raeezjaldin/Pico/pico-sdk/lib/tinyusb/src/portable/raspberrypi/rp2040/dcd_rp2040.c.o
                0x100067ec                dcd_sof_enable
 .text.dcd_edpt0_status_complete
                0x10006808       0x1c CMakeFiles/my_blink.dir/Users/raeezjaldin/Pico/pico-sdk/lib/tinyusb/src/portable/raspberrypi/rp2040/dcd_rp2040.c.o
                0x10006808                dcd_edpt0_status_complete
 .text.dcd_edpt_open
                0x10006824      0x114 CMakeFiles/my_blink.dir/Users/raeezjaldin/Pico/pico-sdk/lib/tinyusb/src/portable/raspberrypi/rp2040/dcd_rp2040.c.o
                0x10006824                dcd_edpt_open
 .text.dcd_edpt_close_all
                0x10006938        0x8 CMakeFiles/my_blink.dir/Users/raeezjaldin/Pico/pico-sdk/lib/tinyusb/src/portable/raspberrypi/rp2040/dcd_rp2040.c.o
                0x10006938                dcd_edpt_close_all
 .text.dcd_edpt_xfer
                0x10006940       0x24 CMakeFiles/my_blink.dir/Users/raeezjaldin/Pico/pico-sdk/lib/tinyusb/src/portable/raspberrypi/rp2040/dcd_rp2040.c.o
                0x10006940                dcd_edpt_xfer
 .text.dcd_edpt_stall
                0x10006964       0x34 CMakeFiles/my_blink.dir/Users/raeezjaldin/Pico/pico-sdk/lib/tinyusb/src/portable/raspberrypi/rp2040/dcd_rp2040.c.o
                0x10006964                dcd_edpt_stall
 .text.dcd_edpt_clear_stall
                0x10006998       0x30 CMakeFiles/my_blink.dir/Users/raeezjaldin/Pico/pico-sdk/lib/tinyusb/src/portable/raspberrypi/rp2040/dcd_rp2040.c.o
                0x10006998                dcd_edpt_clear_stall
 .text.rp2040_usb_init
                0x100069c8       0x40 CMakeFiles/my_blink.dir/Users/raeezjaldin/Pico/pico-sdk/lib/tinyusb/src/portable/raspberrypi/rp2040/rp2040_usb.c.o
                0x100069c8                rp2040_usb_init
 .text.hw_endpoint_xfer_start
                0x10006a08       0x40 CMakeFiles/my_blink.dir/Users/raeezjaldin/Pico/pico-sdk/lib/tinyusb/src/portable/raspberrypi/rp2040/rp2040_usb.c.o
                0x10006a08                hw_endpoint_xfer_start
 .text.tud_event_hook_cb
                0x10006a48        0x4 CMakeFiles/my_blink.dir/Users/raeezjaldin/Pico/pico-sdk/lib/tinyusb/src/device/usbd.c.o
                0x10006a48                tud_event_hook_cb
 .text.tud_sof_cb
                0x10006a4c        0x4 CMakeFiles/my_blink.dir/Users/raeezjaldin/Pico/pico-sdk/lib/tinyusb/src/device/usbd.c.o
                0x10006a4c                tud_sof_cb
 .text.tud_descriptor_device_qualifier_cb
                0x10006a50        0x4 CMakeFiles/my_blink.dir/Users/raeezjaldin/Pico/pico-sdk/lib/tinyusb/src/device/usbd.c.o
                0x10006a50                tud_descriptor_device_qualifier_cb
 .text.tud_descriptor_other_speed_configuration_cb
                0x10006a54        0x4 CMakeFiles/my_blink.dir/Users/raeezjaldin/Pico/pico-sdk/lib/tinyusb/src/device/usbd.c.o
                0x10006a54                tud_descriptor_other_speed_configuration_cb
 .text.tud_mount_cb
                0x10006a58        0x4 CMakeFiles/my_blink.dir/Users/raeezjaldin/Pico/pico-sdk/lib/tinyusb/src/device/usbd.c.o
                0x10006a58                tud_mount_cb
 .text.tud_umount_cb
                0x10006a5c        0x4 CMakeFiles/my_blink.dir/Users/raeezjaldin/Pico/pico-sdk/lib/tinyusb/src/device/usbd.c.o
                0x10006a5c                tud_umount_cb
 .text.tud_suspend_cb
                0x10006a60        0x4 CMakeFiles/my_blink.dir/Users/raeezjaldin/Pico/pico-sdk/lib/tinyusb/src/device/usbd.c.o
                0x10006a60                tud_suspend_cb
 .text.tud_resume_cb
                0x10006a64        0x4 CMakeFiles/my_blink.dir/Users/raeezjaldin/Pico/pico-sdk/lib/tinyusb/src/device/usbd.c.o
                0x10006a64                tud_resume_cb
 .text.tud_mounted
                0x10006a68       0x10 CMakeFiles/my_blink.dir/Users/raeezjaldin/Pico/pico-sdk/lib/tinyusb/src/device/usbd.c.o
                0x10006a68                tud_mounted
 .text.tud_suspended
                0x10006a78       0x10 CMakeFiles/my_blink.dir/Users/raeezjaldin/Pico/pico-sdk/lib/tinyusb/src/device/usbd.c.o
                0x10006a78                tud_suspended
 .text.tud_rhport_init
                0x10006a88       0xfc CMakeFiles/my_blink.dir/Users/raeezjaldin/Pico/pico-sdk/lib/tinyusb/src/device/usbd.c.o
                0x10006a88                tud_rhport_init
 .text.tud_task_ext
                0x10006b84      0x808 CMakeFiles/my_blink.dir/Users/raeezjaldin/Pico/pico-sdk/lib/tinyusb/src/device/usbd.c.o
                0x10006b84                tud_task_ext
 .text.usbd_open_edpt_pair
                0x1000738c       0x9c CMakeFiles/my_blink.dir/Users/raeezjaldin/Pico/pico-sdk/lib/tinyusb/src/device/usbd.c.o
                0x1000738c                usbd_open_edpt_pair
 .text.usbd_edpt_open
                0x10007428       0x34 CMakeFiles/my_blink.dir/Users/raeezjaldin/Pico/pico-sdk/lib/tinyusb/src/device/usbd.c.o
                0x10007428                usbd_edpt_open
 .text.usbd_edpt_claim
                0x1000745c       0x28 CMakeFiles/my_blink.dir/Users/raeezjaldin/Pico/pico-sdk/lib/tinyusb/src/device/usbd.c.o
                0x1000745c                usbd_edpt_claim
 .text.usbd_edpt_release
                0x10007484       0x28 CMakeFiles/my_blink.dir/Users/raeezjaldin/Pico/pico-sdk/lib/tinyusb/src/device/usbd.c.o
                0x10007484                usbd_edpt_release
 .text.usbd_edpt_xfer
                0x100074ac       0x4c CMakeFiles/my_blink.dir/Users/raeezjaldin/Pico/pico-sdk/lib/tinyusb/src/device/usbd.c.o
                0x100074ac                usbd_edpt_xfer
 .text.tud_control_status
                0x100074f8       0x2c CMakeFiles/my_blink.dir/Users/raeezjaldin/Pico/pico-sdk/lib/tinyusb/src/device/usbd_control.c.o
                0x100074f8                tud_control_status
 .text.tud_control_xfer
                0x10007524       0xac CMakeFiles/my_blink.dir/Users/raeezjaldin/Pico/pico-sdk/lib/tinyusb/src/device/usbd_control.c.o
                0x10007524                tud_control_xfer
 .text.usbd_control_reset
                0x100075d0       0x14 CMakeFiles/my_blink.dir/Users/raeezjaldin/Pico/pico-sdk/lib/tinyusb/src/device/usbd_control.c.o
                0x100075d0                usbd_control_reset
 .text.usbd_control_set_complete_callback
                0x100075e4        0xc CMakeFiles/my_blink.dir/Users/raeezjaldin/Pico/pico-sdk/lib/tinyusb/src/device/usbd_control.c.o
                0x100075e4                usbd_control_set_complete_callback
 .text.usbd_control_set_request
                0x100075f0       0x1c CMakeFiles/my_blink.dir/Users/raeezjaldin/Pico/pico-sdk/lib/tinyusb/src/device/usbd_control.c.o
                0x100075f0                usbd_control_set_request
 .text.usbd_control_xfer_cb
                0x1000760c       0xec CMakeFiles/my_blink.dir/Users/raeezjaldin/Pico/pico-sdk/lib/tinyusb/src/device/usbd_control.c.o
                0x1000760c                usbd_control_xfer_cb
 .text._prep_out_transaction.isra.0
                0x100076f8       0x6c CMakeFiles/my_blink.dir/Users/raeezjaldin/Pico/pico-sdk/lib/tinyusb/src/class/cdc/cdc_device.c.o
 .text.tud_cdc_n_connected
                0x10007764       0x2c CMakeFiles/my_blink.dir/Users/raeezjaldin/Pico/pico-sdk/lib/tinyusb/src/class/cdc/cdc_device.c.o
                0x10007764                tud_cdc_n_connected
 .text.tud_cdc_n_available
                0x10007790       0x14 CMakeFiles/my_blink.dir/Users/raeezjaldin/Pico/pico-sdk/lib/tinyusb/src/class/cdc/cdc_device.c.o
                0x10007790                tud_cdc_n_available
 .text.tud_cdc_n_read
                0x100077a4       0x94 CMakeFiles/my_blink.dir/Users/raeezjaldin/Pico/pico-sdk/lib/tinyusb/src/class/cdc/cdc_device.c.o
                0x100077a4                tud_cdc_n_read
 .text.tud_cdc_n_write_flush
                0x10007838       0x74 CMakeFiles/my_blink.dir/Users/raeezjaldin/Pico/pico-sdk/lib/tinyusb/src/class/cdc/cdc_device.c.o
                0x10007838                tud_cdc_n_write_flush
 .text.tud_cdc_n_write
                0x100078ac       0x40 CMakeFiles/my_blink.dir/Users/raeezjaldin/Pico/pico-sdk/lib/tinyusb/src/class/cdc/cdc_device.c.o
                0x100078ac                tud_cdc_n_write
 .text.tud_cdc_n_write_available
                0x100078ec       0x14 CMakeFiles/my_blink.dir/Users/raeezjaldin/Pico/pico-sdk/lib/tinyusb/src/class/cdc/cdc_device.c.o
                0x100078ec                tud_cdc_n_write_available
 .text.cdcd_init
                0x10007900       0x70 CMakeFiles/my_blink.dir/Users/raeezjaldin/Pico/pico-sdk/lib/tinyusb/src/class/cdc/cdc_device.c.o
                0x10007900                cdcd_init
 .text.cdcd_deinit
                0x10007970       0x30 CMakeFiles/my_blink.dir/Users/raeezjaldin/Pico/pico-sdk/lib/tinyusb/src/class/cdc/cdc_device.c.o
                0x10007970                cdcd_deinit
 .text.cdcd_reset
                0x100079a0       0x4c CMakeFiles/my_blink.dir/Users/raeezjaldin/Pico/pico-sdk/lib/tinyusb/src/class/cdc/cdc_device.c.o
                0x100079a0                cdcd_reset
 .text.cdcd_open
                0x100079ec       0xa8 CMakeFiles/my_blink.dir/Users/raeezjaldin/Pico/pico-sdk/lib/tinyusb/src/class/cdc/cdc_device.c.o
                0x100079ec                cdcd_open
 .text.cdcd_control_xfer_cb
                0x10007a94       0xe8 CMakeFiles/my_blink.dir/Users/raeezjaldin/Pico/pico-sdk/lib/tinyusb/src/class/cdc/cdc_device.c.o
                0x10007a94                cdcd_control_xfer_cb
 .text.cdcd_xfer_cb
                0x10007b7c      0x100 CMakeFiles/my_blink.dir/Users/raeezjaldin/Pico/pico-sdk/lib/tinyusb/src/class/cdc/cdc_device.c.o
                0x10007b7c                cdcd_xfer_cb
 .text.vendord_init
                0x10007c7c       0x5c CMakeFiles/my_blink.dir/Users/raeezjaldin/Pico/pico-sdk/lib/tinyusb/src/class/vendor/vendor_device.c.o
                0x10007c7c                vendord_init
 .text.vendord_deinit
                0x10007cd8       0x1c CMakeFiles/my_blink.dir/Users/raeezjaldin/Pico/pico-sdk/lib/tinyusb/src/class/vendor/vendor_device.c.o
                0x10007cd8                vendord_deinit
 .text.vendord_reset
                0x10007cf4       0x28 CMakeFiles/my_blink.dir/Users/raeezjaldin/Pico/pico-sdk/lib/tinyusb/src/class/vendor/vendor_device.c.o
                0x10007cf4                vendord_reset
 .text.vendord_open
                0x10007d1c      0x128 CMakeFiles/my_blink.dir/Users/raeezjaldin/Pico/pico-sdk/lib/tinyusb/src/class/vendor/vendor_device.c.o
                0x10007d1c                vendord_open
 .text.vendord_xfer_cb
                0x10007e44       0x9c CMakeFiles/my_blink.dir/Users/raeezjaldin/Pico/pico-sdk/lib/tinyusb/src/class/vendor/vendor_device.c.o
                0x10007e44                vendord_xfer_cb
 .text.tusb_rhport_init
                0x10007ee0       0x48 CMakeFiles/my_blink.dir/Users/raeezjaldin/Pico/pico-sdk/lib/tinyusb/src/tusb.c.o
                0x10007ee0                tusb_rhport_init
 .text.tu_edpt_claim
                0x10007f28       0x50 CMakeFiles/my_blink.dir/Users/raeezjaldin/Pico/pico-sdk/lib/tinyusb/src/tusb.c.o
                0x10007f28                tu_edpt_claim
 .text.tu_edpt_release
                0x10007f78       0x38 CMakeFiles/my_blink.dir/Users/raeezjaldin/Pico/pico-sdk/lib/tinyusb/src/tusb.c.o
                0x10007f78                tu_edpt_release
 .text.tu_edpt_validate
                0x10007fb0       0x7c CMakeFiles/my_blink.dir/Users/raeezjaldin/Pico/pico-sdk/lib/tinyusb/src/tusb.c.o
                0x10007fb0                tu_edpt_validate
 .text.tu_edpt_bind_driver
                0x1000802c       0x34 CMakeFiles/my_blink.dir/Users/raeezjaldin/Pico/pico-sdk/lib/tinyusb/src/tusb.c.o
                0x1000802c                tu_edpt_bind_driver
 .text.tu_edpt_stream_init
                0x10008060       0x6c CMakeFiles/my_blink.dir/Users/raeezjaldin/Pico/pico-sdk/lib/tinyusb/src/tusb.c.o
                0x10008060                tu_edpt_stream_init
 .text.tu_edpt_stream_deinit
                0x100080cc        0x4 CMakeFiles/my_blink.dir/Users/raeezjaldin/Pico/pico-sdk/lib/tinyusb/src/tusb.c.o
                0x100080cc                tu_edpt_stream_deinit
 .text.tu_edpt_stream_write_zlp_if_needed
                0x100080d0       0x68 CMakeFiles/my_blink.dir/Users/raeezjaldin/Pico/pico-sdk/lib/tinyusb/src/tusb.c.o
                0x100080d0                tu_edpt_stream_write_zlp_if_needed
 .text.tu_edpt_stream_write_xfer
                0x10008138       0x64 CMakeFiles/my_blink.dir/Users/raeezjaldin/Pico/pico-sdk/lib/tinyusb/src/tusb.c.o
                0x10008138                tu_edpt_stream_write_xfer
 .text.tu_edpt_stream_read_xfer
                0x1000819c       0xdc CMakeFiles/my_blink.dir/Users/raeezjaldin/Pico/pico-sdk/lib/tinyusb/src/tusb.c.o
                0x1000819c                tu_edpt_stream_read_xfer
 .text.tu_fifo_config
                0x10008278       0x6c CMakeFiles/my_blink.dir/Users/raeezjaldin/Pico/pico-sdk/lib/tinyusb/src/common/tusb_fifo.c.o
                0x10008278                tu_fifo_config
 .text.tu_fifo_count
                0x100082e4       0x2c CMakeFiles/my_blink.dir/Users/raeezjaldin/Pico/pico-sdk/lib/tinyusb/src/common/tusb_fifo.c.o
                0x100082e4                tu_fifo_count
 .text.tu_fifo_empty
                0x10008310       0x10 CMakeFiles/my_blink.dir/Users/raeezjaldin/Pico/pico-sdk/lib/tinyusb/src/common/tusb_fifo.c.o
                0x10008310                tu_fifo_empty
 .text.tu_fifo_remaining
                0x10008320       0x2c CMakeFiles/my_blink.dir/Users/raeezjaldin/Pico/pico-sdk/lib/tinyusb/src/common/tusb_fifo.c.o
                0x10008320                tu_fifo_remaining
 .text.tu_fifo_read
                0x1000834c       0x9c CMakeFiles/my_blink.dir/Users/raeezjaldin/Pico/pico-sdk/lib/tinyusb/src/common/tusb_fifo.c.o
                0x1000834c                tu_fifo_read
 .text.tu_fifo_read_n
                0x100083e8       0xe8 CMakeFiles/my_blink.dir/Users/raeezjaldin/Pico/pico-sdk/lib/tinyusb/src/common/tusb_fifo.c.o
                0x100083e8                tu_fifo_read_n
 .text.tu_fifo_write
                0x100084d0       0x88 CMakeFiles/my_blink.dir/Users/raeezjaldin/Pico/pico-sdk/lib/tinyusb/src/common/tusb_fifo.c.o
                0x100084d0                tu_fifo_write
 .text.tu_fifo_write_n
                0x10008558      0x178 CMakeFiles/my_blink.dir/Users/raeezjaldin/Pico/pico-sdk/lib/tinyusb/src/common/tusb_fifo.c.o
                0x10008558                tu_fifo_write_n
 .text.tu_fifo_clear
                0x100086d0       0x40 CMakeFiles/my_blink.dir/Users/raeezjaldin/Pico/pico-sdk/lib/tinyusb/src/common/tusb_fifo.c.o
                0x100086d0                tu_fifo_clear
 .text.tu_fifo_set_overwritable
                0x10008710       0x48 CMakeFiles/my_blink.dir/Users/raeezjaldin/Pico/pico-sdk/lib/tinyusb/src/common/tusb_fifo.c.o
                0x10008710                tu_fifo_set_overwritable
 .text.calloc   0x10008758       0x14 /Applications/STM32CubeIDE.app/Contents/Eclipse/plugins/com.st.stm32cube.ide.mcu.externaltools.gnu-tools-for-stm32.12.3.rel1.macos64_1.1.0.202410301201/tools/bin/../lib/gcc/arm-none-eabi/12.3.1/../../../../arm-none-eabi/lib/thumb/v6-m/nofp/libg.a(libc_a-calloc.o)
                0x10008758                calloc
 .text._calloc_r
                0x1000876c       0x9c /Applications/STM32CubeIDE.app/Contents/Eclipse/plugins/com.st.stm32cube.ide.mcu.externaltools.gnu-tools-for-stm32.12.3.rel1.macos64_1.1.0.202410301201/tools/bin/../lib/gcc/arm-none-eabi/12.3.1/../../../../arm-none-eabi/lib/thumb/v6-m/nofp/libg.a(libc_a-callocr.o)
                0x1000876c                _calloc_r
 .text.free     0x10008808       0x14 /Applications/STM32CubeIDE.app/Contents/Eclipse/plugins/com.st.stm32cube.ide.mcu.externaltools.gnu-tools-for-stm32.12.3.rel1.macos64_1.1.0.202410301201/tools/bin/../lib/gcc/arm-none-eabi/12.3.1/../../../../arm-none-eabi/lib/thumb/v6-m/nofp/libg.a(libc_a-malloc.o)
                0x10008808                free
 .text._malloc_r
                0x1000881c      0x420 /Applications/STM32CubeIDE.app/Contents/Eclipse/plugins/com.st.stm32cube.ide.mcu.externaltools.gnu-tools-for-stm32.12.3.rel1.macos64_1.1.0.202410301201/tools/bin/../lib/gcc/arm-none-eabi/12.3.1/../../../../arm-none-eabi/lib/thumb/v6-m/nofp/libg.a(libc_a-mallocr.o)
                0x1000881c                _malloc_r
 .text.__malloc_lock
                0x10008c3c       0x10 /Applications/STM32CubeIDE.app/Contents/Eclipse/plugins/com.st.stm32cube.ide.mcu.externaltools.gnu-tools-for-stm32.12.3.rel1.macos64_1.1.0.202410301201/tools/bin/../lib/gcc/arm-none-eabi/12.3.1/../../../../arm-none-eabi/lib/thumb/v6-m/nofp/libg.a(libc_a-mlock.o)
                0x10008c3c                __malloc_lock
 .text.__malloc_unlock
                0x10008c4c       0x10 /Applications/STM32CubeIDE.app/Contents/Eclipse/plugins/com.st.stm32cube.ide.mcu.externaltools.gnu-tools-for-stm32.12.3.rel1.macos64_1.1.0.202410301201/tools/bin/../lib/gcc/arm-none-eabi/12.3.1/../../../../arm-none-eabi/lib/thumb/v6-m/nofp/libg.a(libc_a-mlock.o)
                0x10008c4c                __malloc_unlock
 .text.realloc  0x10008c5c       0x14 /Applications/STM32CubeIDE.app/Contents/Eclipse/plugins/com.st.stm32cube.ide.mcu.externaltools.gnu-tools-for-stm32.12.3.rel1.macos64_1.1.0.202410301201/tools/bin/../lib/gcc/arm-none-eabi/12.3.1/../../../../arm-none-eabi/lib/thumb/v6-m/nofp/libg.a(libc_a-realloc.o)
                0x10008c5c                realloc
 .text._realloc_r
                0x10008c70      0x354 /Applications/STM32CubeIDE.app/Contents/Eclipse/plugins/com.st.stm32cube.ide.mcu.externaltools.gnu-tools-for-stm32.12.3.rel1.macos64_1.1.0.202410301201/tools/bin/../lib/gcc/arm-none-eabi/12.3.1/../../../../arm-none-eabi/lib/thumb/v6-m/nofp/libg.a(libc_a-reallocr.o)
                0x10008c70                _realloc_r
 .text.memcmp   0x10008fc4       0x1c /Applications/STM32CubeIDE.app/Contents/Eclipse/plugins/com.st.stm32cube.ide.mcu.externaltools.gnu-tools-for-stm32.12.3.rel1.macos64_1.1.0.202410301201/tools/bin/../lib/gcc/arm-none-eabi/12.3.1/../../../../arm-none-eabi/lib/thumb/v6-m/nofp/libg.a(libc_a-memcmp.o)
                0x10008fc4                memcmp
 .text.memmove  0x10008fe0       0x26 /Applications/STM32CubeIDE.app/Contents/Eclipse/plugins/com.st.stm32cube.ide.mcu.externaltools.gnu-tools-for-stm32.12.3.rel1.macos64_1.1.0.202410301201/tools/bin/../lib/gcc/arm-none-eabi/12.3.1/../../../../arm-none-eabi/lib/thumb/v6-m/nofp/libg.a(libc_a-memmove.o)
                0x10008fe0                memmove
 .text.strncmp  0x10009006       0x22 /Applications/STM32CubeIDE.app/Contents/Eclipse/plugins/com.st.stm32cube.ide.mcu.externaltools.gnu-tools-for-stm32.12.3.rel1.macos64_1.1.0.202410301201/tools/bin/../lib/gcc/arm-none-eabi/12.3.1/../../../../arm-none-eabi/lib/thumb/v6-m/nofp/libg.a(libc_a-strncmp.o)
                0x10009006                strncmp
 .text.strncpy  0x10009028       0x28 /Applications/STM32CubeIDE.app/Contents/Eclipse/plugins/com.st.stm32cube.ide.mcu.externaltools.gnu-tools-for-stm32.12.3.rel1.macos64_1.1.0.202410301201/tools/bin/../lib/gcc/arm-none-eabi/12.3.1/../../../../arm-none-eabi/lib/thumb/v6-m/nofp/libg.a(libc_a-strncpy.o)
                0x10009028                strncpy
 .text._sbrk_r  0x10009050       0x24 /Applications/STM32CubeIDE.app/Contents/Eclipse/plugins/com.st.stm32cube.ide.mcu.externaltools.gnu-tools-for-stm32.12.3.rel1.macos64_1.1.0.202410301201/tools/bin/../lib/gcc/arm-none-eabi/12.3.1/../../../../arm-none-eabi/lib/thumb/v6-m/nofp/libg.a(libc_a-sbrkr.o)
                0x10009050                _sbrk_r
 .text.__errno  0x10009074        0xc /Applications/STM32CubeIDE.app/Contents/Eclipse/plugins/com.st.stm32cube.ide.mcu.externaltools.gnu-tools-for-stm32.12.3.rel1.macos64_1.1.0.202410301201/tools/bin/../lib/gcc/arm-none-eabi/12.3.1/../../../../arm-none-eabi/lib/thumb/v6-m/nofp/libg.a(libc_a-errno.o)
                0x10009074                __errno
 .text.sysconf  0x10009080       0x16 /Applications/STM32CubeIDE.app/Contents/Eclipse/plugins/com.st.stm32cube.ide.mcu.externaltools.gnu-tools-for-stm32.12.3.rel1.macos64_1.1.0.202410301201/tools/bin/../lib/gcc/arm-none-eabi/12.3.1/../../../../arm-none-eabi/lib/thumb/v6-m/nofp/libg.a(libc_a-sysconf.o)
                0x10009080                sysconf
 .text.__retarget_lock_acquire_recursive
                0x10009096        0x2 /Applications/STM32CubeIDE.app/Contents/Eclipse/plugins/com.st.stm32cube.ide.mcu.externaltools.gnu-tools-for-stm32.12.3.rel1.macos64_1.1.0.202410301201/tools/bin/../lib/gcc/arm-none-eabi/12.3.1/../../../../arm-none-eabi/lib/thumb/v6-m/nofp/libg.a(libc_a-lock.o)
                0x10009096                __retarget_lock_acquire_recursive
 .text.__retarget_lock_release_recursive
                0x10009098        0x2 /Applications/STM32CubeIDE.app/Contents/Eclipse/plugins/com.st.stm32cube.ide.mcu.externaltools.gnu-tools-for-stm32.12.3.rel1.macos64_1.1.0.202410301201/tools/bin/../lib/gcc/arm-none-eabi/12.3.1/../../../../arm-none-eabi/lib/thumb/v6-m/nofp/libg.a(libc_a-lock.o)
                0x10009098                __retarget_lock_release_recursive
 .text          0x1000909a        0xe /Applications/STM32CubeIDE.app/Contents/Eclipse/plugins/com.st.stm32cube.ide.mcu.externaltools.gnu-tools-for-stm32.12.3.rel1.macos64_1.1.0.202410301201/tools/bin/../lib/gcc/arm-none-eabi/12.3.1/../../../../arm-none-eabi/lib/thumb/v6-m/nofp/libg.a(libc_a-strlen.o)
                0x1000909a                strlen
 .text._malloc_trim_r
                0x100090a8       0xac /Applications/STM32CubeIDE.app/Contents/Eclipse/plugins/com.st.stm32cube.ide.mcu.externaltools.gnu-tools-for-stm32.12.3.rel1.macos64_1.1.0.202410301201/tools/bin/../lib/gcc/arm-none-eabi/12.3.1/../../../../arm-none-eabi/lib/thumb/v6-m/nofp/libg.a(libc_a-freer.o)
                0x100090a8                _malloc_trim_r
 .text._free_r  0x10009154      0x164 /Applications/STM32CubeIDE.app/Contents/Eclipse/plugins/com.st.stm32cube.ide.mcu.externaltools.gnu-tools-for-stm32.12.3.rel1.macos64_1.1.0.202410301201/tools/bin/../lib/gcc/arm-none-eabi/12.3.1/../../../../arm-none-eabi/lib/thumb/v6-m/nofp/libg.a(libc_a-freer.o)
                0x10009154                _free_r
 *(.fini)
 .fini          0x100092b8        0x4 /Applications/STM32CubeIDE.app/Contents/Eclipse/plugins/com.st.stm32cube.ide.mcu.externaltools.gnu-tools-for-stm32.12.3.rel1.macos64_1.1.0.202410301201/tools/bin/../lib/gcc/arm-none-eabi/12.3.1/thumb/v6-m/nofp/crti.o
                0x100092b8                _fini
 *fill*         0x100092bc        0x4 
 .fini.__stub   0x100092c0       0xe0 linker stubs
 *crtbegin.o(.ctors)
 *crtbegin?.o(.ctors)
 *(EXCLUDE_FILE(*crtend.o *crtend?.o) .ctors)
 *(SORT_BY_NAME(.ctors.*))
 *(.ctors)
 *crtbegin.o(.dtors)
 *crtbegin?.o(.dtors)
 *(EXCLUDE_FILE(*crtend.o *crtend?.o) .dtors)
 *(SORT_BY_NAME(.dtors.*))
 *(.dtors)
                0x100093a0                        . = ALIGN (0x4)
                0x100093a0                        PROVIDE (__preinit_array_start = .)
 *(SORT_BY_NAME(.preinit_array.*))
 .preinit_array.00100
                0x100093a0        0x4 CMakeFiles/my_blink.dir/Users/raeezjaldin/Pico/pico-sdk/src/rp2_common/pico_runtime_init/runtime_init.c.o
                0x100093a0                __pre_init_runtime_init_early_resets
 .preinit_array.00101
                0x100093a4        0x4 CMakeFiles/my_blink.dir/Users/raeezjaldin/Pico/pico-sdk/src/rp2_common/pico_runtime_init/runtime_init.c.o
                0x100093a4                __pre_init_runtime_init_usb_power_down
 .preinit_array.00275
                0x100093a8        0x4 CMakeFiles/my_blink.dir/Users/raeezjaldin/Pico/pico-sdk/src/rp2_common/pico_bit_ops/bit_ops_aeabi.S.o
 .preinit_array.00300
                0x100093ac        0x4 CMakeFiles/my_blink.dir/Users/raeezjaldin/Pico/pico-sdk/src/rp2_common/pico_mem_ops/mem_ops_aeabi.S.o
 .preinit_array.00350
                0x100093b0        0x4 CMakeFiles/my_blink.dir/Users/raeezjaldin/Pico/pico-sdk/src/rp2_common/pico_double/double_aeabi_rp2040.S.o
 .preinit_array.00350
                0x100093b4        0x4 CMakeFiles/my_blink.dir/Users/raeezjaldin/Pico/pico-sdk/src/rp2_common/pico_float/float_aeabi_rp2040.S.o
 .preinit_array.00500
                0x100093b8        0x4 CMakeFiles/my_blink.dir/Users/raeezjaldin/Pico/pico-sdk/src/rp2_common/pico_runtime_init/runtime_init.c.o
                0x100093b8                __pre_init_runtime_init_clocks
 .preinit_array.00600
                0x100093bc        0x4 CMakeFiles/my_blink.dir/Users/raeezjaldin/Pico/pico-sdk/src/rp2_common/pico_runtime_init/runtime_init.c.o
                0x100093bc                __pre_init_runtime_init_post_clock_resets
 .preinit_array.00700
                0x100093c0        0x4 CMakeFiles/my_blink.dir/Users/raeezjaldin/Pico/pico-sdk/src/rp2_common/pico_runtime_init/runtime_init.c.o
                0x100093c0                __pre_init_runtime_init_rp2040_gpio_ie_disable
 .preinit_array.01000
                0x100093c4        0x4 CMakeFiles/my_blink.dir/Users/raeezjaldin/Pico/pico-sdk/src/rp2_common/pico_runtime_init/runtime_init.c.o
                0x100093c4                __pre_init_runtime_init_spin_locks_reset
 .preinit_array.01100
                0x100093c8        0x4 CMakeFiles/my_blink.dir/Users/raeezjaldin/Pico/pico-sdk/src/common/pico_sync/mutex.c.o
                0x100093c8                __pre_init_runtime_init_mutex
 .preinit_array.10080
                0x100093cc        0x4 CMakeFiles/my_blink.dir/Users/raeezjaldin/Pico/pico-sdk/src/rp2_common/pico_runtime_init/runtime_init.c.o
                0x100093cc                __pre_init_runtime_init_install_ram_vector_table
 .preinit_array.11000
                0x100093d0        0x4 CMakeFiles/my_blink.dir/Users/raeezjaldin/Pico/pico-sdk/src/common/pico_time/time.c.o
                0x100093d0                __pre_init_runtime_init_default_alarm_pool
 .preinit_array.YYYYY
                0x100093d4        0x4 CMakeFiles/my_blink.dir/Users/raeezjaldin/Pico/pico-sdk/src/rp2_common/pico_runtime/runtime.c.o
                0x100093d4                __pre_init_first_per_core_initializer
 .preinit_array.ZZZZZ.01200
                0x100093d8        0x4 CMakeFiles/my_blink.dir/Users/raeezjaldin/Pico/pico-sdk/src/rp2_common/hardware_irq/irq.c.o
                0x100093d8                __pre_init_runtime_init_per_core_irq_priorities
 *(.preinit_array)
                0x100093dc                        PROVIDE (__preinit_array_end = .)
                0x100093dc                        . = ALIGN (0x4)
                0x100093dc                        PROVIDE (__init_array_start = .)
 *(SORT_BY_NAME(.init_array.*))
 .init_array.01000
                0x100093dc        0x4 CMakeFiles/my_blink.dir/Users/raeezjaldin/Pico/pico-sdk/src/rp2_common/pico_unique_id/unique_id.c.o
 *(.init_array)
 .init_array    0x100093e0        0x4 /Applications/STM32CubeIDE.app/Contents/Eclipse/plugins/com.st.stm32cube.ide.mcu.externaltools.gnu-tools-for-stm32.12.3.rel1.macos64_1.1.0.202410301201/tools/bin/../lib/gcc/arm-none-eabi/12.3.1/thumb/v6-m/nofp/crtbegin.o
                0x100093e4                        PROVIDE (__init_array_end = .)
                0x100093e4                        . = ALIGN (0x4)
                [!provide]                        PROVIDE (__fini_array_start = .)
 *(SORT_BY_NAME(.fini_array.*))
 *(.fini_array)
                [!provide]                        PROVIDE (__fini_array_end = .)
 *(.eh_frame*)
 .eh_frame      0x100093e4        0x0 /Applications/STM32CubeIDE.app/Contents/Eclipse/plugins/com.st.stm32cube.ide.mcu.externaltools.gnu-tools-for-stm32.12.3.rel1.macos64_1.1.0.202410301201/tools/bin/../lib/gcc/arm-none-eabi/12.3.1/thumb/v6-m/nofp/crtbegin.o
                0x100093e4                        . = ALIGN (0x4)

.glue_7         0x100093e4        0x0
 .glue_7        0x100093e4        0x0 linker stubs

.glue_7t        0x100093e4        0x0
 .glue_7t       0x100093e4        0x0 linker stubs

.vfp11_veneer   0x100093e4        0x0
 .vfp11_veneer  0x100093e4        0x0 linker stubs

.v4_bx          0x100093e4        0x0
 .v4_bx         0x100093e4        0x0 linker stubs

.iplt           0x100093e4        0x0
 .iplt          0x100093e4        0x0 /Applications/STM32CubeIDE.app/Contents/Eclipse/plugins/com.st.stm32cube.ide.mcu.externaltools.gnu-tools-for-stm32.12.3.rel1.macos64_1.1.0.202410301201/tools/bin/../lib/gcc/arm-none-eabi/12.3.1/thumb/v6-m/nofp/crtbegin.o

.rodata         0x100093e8     0x1218
 *(EXCLUDE_FILE(*libm.a: *libc.a:*lib_a-mem*.o *libgcc.a:) .rodata*)
 .rodata.main.str1.4
                0x100093e8        0xd CMakeFiles/my_blink.dir/main.c.o
 *fill*         0x100093f5        0x3 
 .rodata.flash_read_safe.str1.4
                0x100093f8       0x52 CMakeFiles/my_blink.dir/flash_ops.c.o
 *fill*         0x1000944a        0x2 
 .rodata.flash_erase_safe.str1.4
                0x1000944c       0x31 CMakeFiles/my_blink.dir/flash_ops.c.o
 *fill*         0x1000947d        0x3 
 .rodata.fs_compute_layout.str1.4
                0x10009480       0x79 CMakeFiles/my_blink.dir/filesystem.c.o
 *fill*         0x100094f9        0x3 
 .rodata.fs_alloc_block.str1.4
                0x100094fc       0x17 CMakeFiles/my_blink.dir/filesystem.c.o
 *fill*         0x10009513        0x1 
 .rodata.fs_block_for_position.constprop.1.str1.4
                0x10009514       0x39 CMakeFiles/my_blink.dir/filesystem.c.o
 *fill*         0x1000954d        0x3 
 .rodata.fs_flush_metadata.str1.4
                0x10009550       0x22 CMakeFiles/my_blink.dir/filesystem.c.o
 *fill*         0x10009572        0x2 
 .rodata.fs_format.str1.4
                0x10009574       0x5c CMakeFiles/my_blink.dir/filesystem.c.o
 .rodata.fs_mount.str1.4
                0x100095d0       0x4e CMakeFiles/my_blink.dir/filesystem.c.o
 *fill*         0x1000961e        0x2 
 .rodata.fs_open.str1.4
                0x10009620      0x114 CMakeFiles/my_blink.dir/filesystem.c.o
 .rodata.fs_close.str1.4
                0x10009734       0x22 CMakeFiles/my_blink.dir/filesystem.c.o
 *fill*         0x10009756        0x2 
 .rodata.fs_read.str1.4
                0x10009758       0x5b CMakeFiles/my_blink.dir/filesystem.c.o
 *fill*         0x100097b3        0x1 
 .rodata.fs_write.str1.4
                0x100097b4       0x3d CMakeFiles/my_blink.dir/filesystem.c.o
 *fill*         0x100097f1        0x3 
 .rodata.fs_seek.str1.4
                0x100097f4       0x5f CMakeFiles/my_blink.dir/filesystem.c.o
 *fill*         0x10009853        0x1 
 .rodata.fs_run_tests.str1.4
                0x10009854      0x789 CMakeFiles/my_blink.dir/fs_tests.c.o
                                0x78d (size before relaxing)
 *fill*         0x10009fdd        0x3 
 .rodata.panic.str1.4
                0x10009fe0       0x10 CMakeFiles/my_blink.dir/Users/raeezjaldin/Pico/pico-sdk/src/rp2_common/pico_platform_panic/panic.c.o
                                 0x12 (size before relaxing)
 .rodata.spin_lock_claim_unused.str1.4
                0x10009ff0       0x1b CMakeFiles/my_blink.dir/Users/raeezjaldin/Pico/pico-sdk/src/rp2_common/hardware_sync/sync.c.o
 *fill*         0x1000a00b        0x1 
 .rodata.user_irq_claim_unused.str1.4
                0x1000a00c       0x1b CMakeFiles/my_blink.dir/Users/raeezjaldin/Pico/pico-sdk/src/rp2_common/hardware_irq/irq.c.o
 *fill*         0x1000a027        0x1 
 .rodata.timer_hardware_alarm_claim.str1.4
                0x1000a028       0x22 CMakeFiles/my_blink.dir/Users/raeezjaldin/Pico/pico-sdk/src/rp2_common/hardware_timer/timer.c.o
 *fill*         0x1000a04a        0x2 
 .rodata.hard_assertion_failure.str1.4
                0x1000a04c        0xc CMakeFiles/my_blink.dir/Users/raeezjaldin/Pico/pico-sdk/src/rp2_common/pico_runtime/runtime.c.o
 .rodata.__wrap_malloc.str1.4
                0x1000a058        0xe CMakeFiles/my_blink.dir/Users/raeezjaldin/Pico/pico-sdk/src/rp2_common/pico_malloc/malloc.c.o
 *fill*         0x1000a066        0x2 
 .rodata.str1.4
                0x1000a068       0x40 CMakeFiles/my_blink.dir/Users/raeezjaldin/Pico/pico-sdk/src/rp2_common/pico_standard_binary_info/standard_binary_info.c.o
 .rodata.__bi_84
                0x1000a0a8        0xc CMakeFiles/my_blink.dir/Users/raeezjaldin/Pico/pico-sdk/src/rp2_common/pico_standard_binary_info/standard_binary_info.c.o
 .rodata.__bi_78
                0x1000a0b4        0xc CMakeFiles/my_blink.dir/Users/raeezjaldin/Pico/pico-sdk/src/rp2_common/pico_standard_binary_info/standard_binary_info.c.o
 .rodata.__bi_54
                0x1000a0c0        0xc CMakeFiles/my_blink.dir/Users/raeezjaldin/Pico/pico-sdk/src/rp2_common/pico_standard_binary_info/standard_binary_info.c.o
 .rodata.__bi_48
                0x1000a0cc        0xc CMakeFiles/my_blink.dir/Users/raeezjaldin/Pico/pico-sdk/src/rp2_common/pico_standard_binary_info/standard_binary_info.c.o
 .rodata.__bi_42
                0x1000a0d8        0xc CMakeFiles/my_blink.dir/Users/raeezjaldin/Pico/pico-sdk/src/rp2_common/pico_standard_binary_info/standard_binary_info.c.o
 .rodata.__bi_34
                0x1000a0e4        0xc CMakeFiles/my_blink.dir/Users/raeezjaldin/Pico/pico-sdk/src/rp2_common/pico_standard_binary_info/standard_binary_info.c.o
 .rodata.__bi_26
                0x1000a0f0        0xc CMakeFiles/my_blink.dir/Users/raeezjaldin/Pico/pico-sdk/src/rp2_common/pico_standard_binary_info/standard_binary_info.c.o
 .rodata._ftoa.str1.4
                0x1000a0fc       0x15 CMakeFiles/my_blink.dir/Users/raeezjaldin/Pico/pico-sdk/src/rp2_common/pico_printf/printf.c.o
 *fill*         0x1000a111        0x3 
 .rodata._vsnprintf
                0x1000a114      0x19c CMakeFiles/my_blink.dir/Users/raeezjaldin/Pico/pico-sdk/src/rp2_common/pico_printf/printf.c.o
 .rodata.pow10.0
                0x1000a2b0       0x50 CMakeFiles/my_blink.dir/Users/raeezjaldin/Pico/pico-sdk/src/rp2_common/pico_printf/printf.c.o
 .rodata.crlf_str.0
                0x1000a300        0x2 CMakeFiles/my_blink.dir/Users/raeezjaldin/Pico/pico-sdk/src/rp2_common/pico_stdio/stdio.c.o
 *fill*         0x1000a302        0x2 
 .rodata._resetd_driver
                0x1000a304       0x20 CMakeFiles/my_blink.dir/Users/raeezjaldin/Pico/pico-sdk/src/rp2_common/pico_stdio_usb/reset_interface.c.o
 .rodata.desc_ms_os_20
                0x1000a324       0xa6 CMakeFiles/my_blink.dir/Users/raeezjaldin/Pico/pico-sdk/src/rp2_common/pico_stdio_usb/reset_interface.c.o
 *fill*         0x1000a3ca        0x2 
 .rodata.desc_bos
                0x1000a3cc       0x21 CMakeFiles/my_blink.dir/Users/raeezjaldin/Pico/pico-sdk/src/rp2_common/pico_stdio_usb/reset_interface.c.o
                0x1000a3cc                desc_bos
 *fill*         0x1000a3ed        0x3 
 .rodata.str1.4
                0x1000a3f0       0x13 CMakeFiles/my_blink.dir/Users/raeezjaldin/Pico/pico-sdk/src/rp2_common/pico_stdio_usb/stdio_usb.c.o
 *fill*         0x1000a403        0x1 
 .rodata.__bi_202.0
                0x1000a404        0xc CMakeFiles/my_blink.dir/Users/raeezjaldin/Pico/pico-sdk/src/rp2_common/pico_stdio_usb/stdio_usb.c.o
 .rodata.str1.4
                0x1000a410       0x2a CMakeFiles/my_blink.dir/Users/raeezjaldin/Pico/pico-sdk/src/rp2_common/pico_stdio_usb/stdio_usb_descriptors.c.o
 *fill*         0x1000a43a        0x2 
 .rodata.usbd_desc_str
                0x1000a43c       0x18 CMakeFiles/my_blink.dir/Users/raeezjaldin/Pico/pico-sdk/src/rp2_common/pico_stdio_usb/stdio_usb_descriptors.c.o
 .rodata.usbd_desc_cfg
                0x1000a454       0x54 CMakeFiles/my_blink.dir/Users/raeezjaldin/Pico/pico-sdk/src/rp2_common/pico_stdio_usb/stdio_usb_descriptors.c.o
 .rodata.usbd_desc_device
                0x1000a4a8       0x12 CMakeFiles/my_blink.dir/Users/raeezjaldin/Pico/pico-sdk/src/rp2_common/pico_stdio_usb/stdio_usb_descriptors.c.o
 *fill*         0x1000a4ba        0x2 
 .rodata.str1.4
                0x1000a4bc       0x14 CMakeFiles/my_blink.dir/Users/raeezjaldin/Pico/pico-sdk/lib/tinyusb/src/portable/raspberrypi/rp2040/dcd_rp2040.c.o
 .rodata.str1.4
                0x1000a4d0       0x48 CMakeFiles/my_blink.dir/Users/raeezjaldin/Pico/pico-sdk/lib/tinyusb/src/portable/raspberrypi/rp2040/rp2040_usb.c.o
 .rodata.tud_task_ext
                0x1000a518       0x8c CMakeFiles/my_blink.dir/Users/raeezjaldin/Pico/pico-sdk/lib/tinyusb/src/device/usbd.c.o
 .rodata        0x1000a5a4       0x1c CMakeFiles/my_blink.dir/Users/raeezjaldin/Pico/pico-sdk/lib/tinyusb/src/device/usbd.c.o
 .rodata._usbd_driver
                0x1000a5c0       0x40 CMakeFiles/my_blink.dir/Users/raeezjaldin/Pico/pico-sdk/lib/tinyusb/src/device/usbd.c.o
                0x1000a600                        . = ALIGN (0x4)
 *(SORT_BY_ALIGNMENT(SORT_BY_NAME(.flashdata*)))
                0x1000a600                        . = ALIGN (0x4)

.ARM.extab
 *(.ARM.extab* .gnu.linkonce.armextab.*)
                0x1000a600                        __exidx_start = .

.ARM.exidx
 *(.ARM.exidx* .gnu.linkonce.armexidx.*)
                0x1000a600                        __exidx_end = .
                0x1000a600                        . = ALIGN (0x4)
                0x1000a600                        __binary_info_start = .

.binary_info    0x1000a600       0x20
 *(.binary_info.keep.*)
 .binary_info.keep.__bi_ptr84
                0x1000a600        0x4 CMakeFiles/my_blink.dir/Users/raeezjaldin/Pico/pico-sdk/src/rp2_common/pico_standard_binary_info/standard_binary_info.c.o
 .binary_info.keep.__bi_ptr78
                0x1000a604        0x4 CMakeFiles/my_blink.dir/Users/raeezjaldin/Pico/pico-sdk/src/rp2_common/pico_standard_binary_info/standard_binary_info.c.o
 .binary_info.keep.__bi_ptr54
                0x1000a608        0x4 CMakeFiles/my_blink.dir/Users/raeezjaldin/Pico/pico-sdk/src/rp2_common/pico_standard_binary_info/standard_binary_info.c.o
 .binary_info.keep.__bi_ptr48
                0x1000a60c        0x4 CMakeFiles/my_blink.dir/Users/raeezjaldin/Pico/pico-sdk/src/rp2_common/pico_standard_binary_info/standard_binary_info.c.o
 .binary_info.keep.__bi_ptr42
                0x1000a610        0x4 CMakeFiles/my_blink.dir/Users/raeezjaldin/Pico/pico-sdk/src/rp2_common/pico_standard_binary_info/standard_binary_info.c.o
 .binary_info.keep.__bi_ptr34
                0x1000a614        0x4 CMakeFiles/my_blink.dir/Users/raeezjaldin/Pico/pico-sdk/src/rp2_common/pico_standard_binary_info/standard_binary_info.c.o
 .binary_info.keep.__bi_ptr26
                0x1000a618        0x4 CMakeFiles/my_blink.dir/Users/raeezjaldin/Pico/pico-sdk/src/rp2_common/pico_standard_binary_info/standard_binary_info.c.o
 *(.binary_info.*)
 .binary_info.__bi_ptr202
                0x1000a61c        0x4 CMakeFiles/my_blink.dir/Users/raeezjaldin/Pico/pico-sdk/src/rp2_common/pico_stdio_usb/stdio_usb.c.o
                0x1000a620                        __binary_info_end = .
                0x1000a620                        . = ALIGN (0x4)

.ram_vector_table
                0x20000000       0xc0
 *(.ram_vector_table)
 .ram_vector_table
                0x20000000       0xc0 CMakeFiles/my_blink.dir/Users/raeezjaldin/Pico/pico-sdk/src/rp2_common/pico_runtime_init/runtime_init.c.o
                0x20000000                ram_vector_table

.uninitialized_data
                0x200000c0        0x0
                0x200000c0                        . = ALIGN (0x4)
 *(.uninitialized_data*)

.data           0x200000c0     0x1618 load address 0x1000a620
                0x200000c0                        __data_start__ = .
 *(vtable)
 *(.time_critical*)
 .time_critical.mutex_try_enter
                0x200000c0       0x40 CMakeFiles/my_blink.dir/Users/raeezjaldin/Pico/pico-sdk/src/common/pico_sync/mutex.c.o
                0x200000c0                mutex_try_enter
 .time_critical.mutex_try_enter_block_until
                0x20000100       0x9c CMakeFiles/my_blink.dir/Users/raeezjaldin/Pico/pico-sdk/src/common/pico_sync/mutex.c.o
                0x20000100                mutex_try_enter_block_until
 .time_critical.mutex_enter_timeout_ms
                0x2000019c       0x90 CMakeFiles/my_blink.dir/Users/raeezjaldin/Pico/pico-sdk/src/common/pico_sync/mutex.c.o
                0x2000019c                mutex_enter_timeout_ms
 .time_critical.mutex_exit
                0x2000022c       0x28 CMakeFiles/my_blink.dir/Users/raeezjaldin/Pico/pico-sdk/src/common/pico_sync/mutex.c.o
                0x2000022c                mutex_exit
 .time_critical.flash_init_boot2_copyout
                0x20000254       0x30 CMakeFiles/my_blink.dir/Users/raeezjaldin/Pico/pico-sdk/src/rp2_common/hardware_flash/flash.c.o
 .time_critical.flash_enable_xip_via_boot2
                0x20000284        0xc CMakeFiles/my_blink.dir/Users/raeezjaldin/Pico/pico-sdk/src/rp2_common/hardware_flash/flash.c.o
 .time_critical.flash_save_hardware_state
                0x20000290       0x20 CMakeFiles/my_blink.dir/Users/raeezjaldin/Pico/pico-sdk/src/rp2_common/hardware_flash/flash.c.o
 .time_critical.flash_restore_hardware_state
                0x200002b0       0x20 CMakeFiles/my_blink.dir/Users/raeezjaldin/Pico/pico-sdk/src/rp2_common/hardware_flash/flash.c.o
 .time_critical.flash_cs_force
                0x200002d0       0x38 CMakeFiles/my_blink.dir/Users/raeezjaldin/Pico/pico-sdk/src/rp2_common/hardware_flash/flash.c.o
 .time_critical.flash_range_erase
                0x20000308       0x90 CMakeFiles/my_blink.dir/Users/raeezjaldin/Pico/pico-sdk/src/rp2_common/hardware_flash/flash.c.o
                0x20000308                flash_range_erase
 .time_critical.flash_range_program
                0x20000398       0x90 CMakeFiles/my_blink.dir/Users/raeezjaldin/Pico/pico-sdk/src/rp2_common/hardware_flash/flash.c.o
                0x20000398                flash_range_program
 .time_critical.flash_do_cmd
                0x20000428       0xd0 CMakeFiles/my_blink.dir/Users/raeezjaldin/Pico/pico-sdk/src/rp2_common/hardware_flash/flash.c.o
                0x20000428                flash_do_cmd
 .time_critical.reset_non_control_endpoints
                0x200004f8       0x68 CMakeFiles/my_blink.dir/Users/raeezjaldin/Pico/pico-sdk/lib/tinyusb/src/portable/raspberrypi/rp2040/dcd_rp2040.c.o
 .time_critical.hw_handle_buff_status
                0x20000560       0x98 CMakeFiles/my_blink.dir/Users/raeezjaldin/Pico/pico-sdk/lib/tinyusb/src/portable/raspberrypi/rp2040/dcd_rp2040.c.o
 .time_critical.dcd_rp2040_irq
                0x200005f8      0x550 CMakeFiles/my_blink.dir/Users/raeezjaldin/Pico/pico-sdk/lib/tinyusb/src/portable/raspberrypi/rp2040/dcd_rp2040.c.o
 .time_critical.prepare_ep_buffer
                0x20000b48       0xe0 CMakeFiles/my_blink.dir/Users/raeezjaldin/Pico/pico-sdk/lib/tinyusb/src/portable/raspberrypi/rp2040/rp2040_usb.c.o
 .time_critical.sync_ep_buffer
                0x20000c28       0xa8 CMakeFiles/my_blink.dir/Users/raeezjaldin/Pico/pico-sdk/lib/tinyusb/src/portable/raspberrypi/rp2040/rp2040_usb.c.o
 .time_critical._hw_endpoint_xfer_sync
                0x20000cd0       0x28 CMakeFiles/my_blink.dir/Users/raeezjaldin/Pico/pico-sdk/lib/tinyusb/src/portable/raspberrypi/rp2040/rp2040_usb.c.o
 .time_critical.e15_is_bulkin_ep
                0x20000cf8       0x28 CMakeFiles/my_blink.dir/Users/raeezjaldin/Pico/pico-sdk/lib/tinyusb/src/portable/raspberrypi/rp2040/rp2040_usb.c.o
 .time_critical.e15_is_critical_frame_period
                0x20000d20       0x34 CMakeFiles/my_blink.dir/Users/raeezjaldin/Pico/pico-sdk/lib/tinyusb/src/portable/raspberrypi/rp2040/rp2040_usb.c.o
 .time_critical.hw_endpoint_reset_transfer
                0x20000d54        0xc CMakeFiles/my_blink.dir/Users/raeezjaldin/Pico/pico-sdk/lib/tinyusb/src/portable/raspberrypi/rp2040/rp2040_usb.c.o
                0x20000d54                hw_endpoint_reset_transfer
 .time_critical._hw_endpoint_buffer_control_update32
                0x20000d60       0x50 CMakeFiles/my_blink.dir/Users/raeezjaldin/Pico/pico-sdk/lib/tinyusb/src/portable/raspberrypi/rp2040/rp2040_usb.c.o
                0x20000d60                _hw_endpoint_buffer_control_update32
 .time_critical.hw_endpoint_start_next_buffer
                0x20000db0       0x6c CMakeFiles/my_blink.dir/Users/raeezjaldin/Pico/pico-sdk/lib/tinyusb/src/portable/raspberrypi/rp2040/rp2040_usb.c.o
                0x20000db0                hw_endpoint_start_next_buffer
 .time_critical.hw_endpoint_xfer_continue
                0x20000e1c       0x40 CMakeFiles/my_blink.dir/Users/raeezjaldin/Pico/pico-sdk/lib/tinyusb/src/portable/raspberrypi/rp2040/rp2040_usb.c.o
                0x20000e1c                hw_endpoint_xfer_continue
 .time_critical.tinyusb
                0x20000e5c      0x1e4 CMakeFiles/my_blink.dir/Users/raeezjaldin/Pico/pico-sdk/lib/tinyusb/src/device/usbd.c.o
                0x20000e5c                dcd_event_handler
 *(.text*)
 .text          0x20001040        0x4 /Applications/STM32CubeIDE.app/Contents/Eclipse/plugins/com.st.stm32cube.ide.mcu.externaltools.gnu-tools-for-stm32.12.3.rel1.macos64_1.1.0.202410301201/tools/bin/../lib/gcc/arm-none-eabi/12.3.1/thumb/v6-m/nofp/libgcc.a(_dvmd_tls.o)
                0x20001040                __aeabi_ldiv0
                0x20001040                __aeabi_idiv0
 *fill*         0x20001044        0x4 
 .text.__stub   0x20001048       0x90 linker stubs
                0x200010d8                        . = ALIGN (0x4)
 *(.rodata*)
                0x200010d8                        . = ALIGN (0x4)
 *(.data*)
 .data.striped_spin_lock_num
                0x200010d8        0x1 CMakeFiles/my_blink.dir/Users/raeezjaldin/Pico/pico-sdk/src/rp2_common/hardware_sync/sync.c.o
 *fill*         0x200010d9        0x3 
 .data          0x200010dc       0x48 CMakeFiles/my_blink.dir/Users/raeezjaldin/Pico/pico-sdk/src/rp2_common/hardware_irq/irq_handler_chain.S.o
                0x200010dc                irq_handler_chain_slots
                0x2000110c                irq_handler_chain_first_slot
                0x20001116                irq_handler_chain_remove_tail
 .data.default_alarm_pool
                0x20001124       0x18 CMakeFiles/my_blink.dir/Users/raeezjaldin/Pico/pico-sdk/src/common/pico_time/time.c.o
 *fill*         0x2000113c        0x4 
 .data.aeabi_bits_funcs
                0x20001140       0x10 CMakeFiles/my_blink.dir/Users/raeezjaldin/Pico/pico-sdk/src/rp2_common/pico_bit_ops/bit_ops_aeabi.S.o
                0x20001140                aeabi_bits_funcs
                0x20001150                aeabi_bits_funcs_end
 .data.aeabi_mem_funcs
                0x20001150       0x10 CMakeFiles/my_blink.dir/Users/raeezjaldin/Pico/pico-sdk/src/rp2_common/pico_mem_ops/mem_ops_aeabi.S.o
                0x20001150                aeabi_mem_funcs
                0x20001160                aeabi_mem_funcs_end
 .data.stdio_usb
                0x20001160       0x18 CMakeFiles/my_blink.dir/Users/raeezjaldin/Pico/pico-sdk/src/rp2_common/pico_stdio_usb/stdio_usb.c.o
                0x20001160                stdio_usb
 .data._usbd_qdef
                0x20001178       0x1c CMakeFiles/my_blink.dir/Users/raeezjaldin/Pico/pico-sdk/lib/tinyusb/src/device/usbd.c.o
                0x20001178                _usbd_qdef
 .data._usbd_rhport
                0x20001194        0x1 CMakeFiles/my_blink.dir/Users/raeezjaldin/Pico/pico-sdk/lib/tinyusb/src/device/usbd.c.o
 *fill*         0x20001195        0x3 
 .data.__malloc_sbrk_base
                0x20001198        0x4 /Applications/STM32CubeIDE.app/Contents/Eclipse/plugins/com.st.stm32cube.ide.mcu.externaltools.gnu-tools-for-stm32.12.3.rel1.macos64_1.1.0.202410301201/tools/bin/../lib/gcc/arm-none-eabi/12.3.1/../../../../arm-none-eabi/lib/thumb/v6-m/nofp/libg.a(libc_a-mallocr.o)
                0x20001198                __malloc_sbrk_base
 .data.__malloc_trim_threshold
                0x2000119c        0x4 /Applications/STM32CubeIDE.app/Contents/Eclipse/plugins/com.st.stm32cube.ide.mcu.externaltools.gnu-tools-for-stm32.12.3.rel1.macos64_1.1.0.202410301201/tools/bin/../lib/gcc/arm-none-eabi/12.3.1/../../../../arm-none-eabi/lib/thumb/v6-m/nofp/libg.a(libc_a-mallocr.o)
                0x2000119c                __malloc_trim_threshold
 .data.__malloc_av_
                0x200011a0      0x408 /Applications/STM32CubeIDE.app/Contents/Eclipse/plugins/com.st.stm32cube.ide.mcu.externaltools.gnu-tools-for-stm32.12.3.rel1.macos64_1.1.0.202410301201/tools/bin/../lib/gcc/arm-none-eabi/12.3.1/../../../../arm-none-eabi/lib/thumb/v6-m/nofp/libg.a(libc_a-mallocr.o)
                0x200011a0                __malloc_av_
 .data._impure_ptr
                0x200015a8        0x4 /Applications/STM32CubeIDE.app/Contents/Eclipse/plugins/com.st.stm32cube.ide.mcu.externaltools.gnu-tools-for-stm32.12.3.rel1.macos64_1.1.0.202410301201/tools/bin/../lib/gcc/arm-none-eabi/12.3.1/../../../../arm-none-eabi/lib/thumb/v6-m/nofp/libg.a(libc_a-impure.o)
                0x200015a8                _impure_ptr
 *fill*         0x200015ac        0x4 
 .data._impure_data
                0x200015b0      0x120 /Applications/STM32CubeIDE.app/Contents/Eclipse/plugins/com.st.stm32cube.ide.mcu.externaltools.gnu-tools-for-stm32.12.3.rel1.macos64_1.1.0.202410301201/tools/bin/../lib/gcc/arm-none-eabi/12.3.1/../../../../arm-none-eabi/lib/thumb/v6-m/nofp/libg.a(libc_a-impure.o)
                0x200015b0                _impure_data
                0x200016d0                        . = ALIGN (0x4)
 *(.after_data.*)
                0x200016d0                        . = ALIGN (0x4)
                0x200016d0                        PROVIDE (__mutex_array_start = .)
 *(SORT_BY_NAME(.mutex_array.*))
 *(.mutex_array)
 .mutex_array   0x200016d0        0x8 CMakeFiles/my_blink.dir/Users/raeezjaldin/Pico/pico-sdk/src/rp2_common/pico_stdio/stdio.c.o
                0x200016d8                        PROVIDE (__mutex_array_end = .)
                0x200016d8                        . = ALIGN (0x4)
 *(.jcr)
                0x200016d8                        . = ALIGN (0x4)

.igot.plt       0x200016d8        0x0 load address 0x1000bc38
 .igot.plt      0x200016d8        0x0 /Applications/STM32CubeIDE.app/Contents/Eclipse/plugins/com.st.stm32cube.ide.mcu.externaltools.gnu-tools-for-stm32.12.3.rel1.macos64_1.1.0.202410301201/tools/bin/../lib/gcc/arm-none-eabi/12.3.1/thumb/v6-m/nofp/crtbegin.o

.tdata          0x200016d8        0x0 load address 0x1000bc38
                0x200016d8                        . = ALIGN (0x4)
 *(.tdata .tdata.* .gnu.linkonce.td.*)
                0x200016d8                        __tdata_end = .
                0x200016d8                        PROVIDE (__data_end__ = .)
                0x1000a620                        __etext = LOADADDR (.data)

.tbss           0x200016d8        0x0 load address 0x1000bc38
                0x200016d8                        . = ALIGN (0x4)
                0x200016d8                        __bss_start__ = .
                0x200016d8                        __tls_base = .
 *(.tbss .tbss.* .gnu.linkonce.tb.*)
 *(.tcommon)
                0x200016d8                        __tls_end = .

.bss            0x200016d8     0xa0ac load address 0x1000bc38
                0x200016d8                        . = ALIGN (0x4)
                0x200016d8                        __tbss_end = .
 *(SORT_BY_ALIGNMENT(SORT_BY_NAME(.bss*)))
 .bss.default_alarm_pool_entries
                0x200016d8      0x180 CMakeFiles/my_blink.dir/Users/raeezjaldin/Pico/pico-sdk/src/common/pico_time/time.c.o
 .bss.last_avail_time.1
                0x20001858        0x8 CMakeFiles/my_blink.dir/Users/raeezjaldin/Pico/pico-sdk/src/rp2_common/pico_stdio_usb/stdio_usb.c.o
 .bss.sd_table  0x20001860      0x100 CMakeFiles/my_blink.dir/Users/raeezjaldin/Pico/pico-sdk/src/rp2_common/pico_double/double_init_rom_rp2040.c.o
                0x20001860                sd_table
 .bss.sf_table  0x20001960      0x100 CMakeFiles/my_blink.dir/Users/raeezjaldin/Pico/pico-sdk/src/rp2_common/pico_float/float_init_rom_rp2040.c.o
                0x20001960                sf_table
 .bss           0x20001a60       0x1c /Applications/STM32CubeIDE.app/Contents/Eclipse/plugins/com.st.stm32cube.ide.mcu.externaltools.gnu-tools-for-stm32.12.3.rel1.macos64_1.1.0.202410301201/tools/bin/../lib/gcc/arm-none-eabi/12.3.1/thumb/v6-m/nofp/crtbegin.o
 .bss.__malloc_current_mallinfo
                0x20001a7c       0x28 /Applications/STM32CubeIDE.app/Contents/Eclipse/plugins/com.st.stm32cube.ide.mcu.externaltools.gnu-tools-for-stm32.12.3.rel1.macos64_1.1.0.202410301201/tools/bin/../lib/gcc/arm-none-eabi/12.3.1/../../../../arm-none-eabi/lib/thumb/v6-m/nofp/libg.a(libc_a-mallocr.o)
                0x20001a7c                __malloc_current_mallinfo
 .bss.__malloc_max_sbrked_mem
                0x20001aa4        0x4 /Applications/STM32CubeIDE.app/Contents/Eclipse/plugins/com.st.stm32cube.ide.mcu.externaltools.gnu-tools-for-stm32.12.3.rel1.macos64_1.1.0.202410301201/tools/bin/../lib/gcc/arm-none-eabi/12.3.1/../../../../arm-none-eabi/lib/thumb/v6-m/nofp/libg.a(libc_a-mallocr.o)
                0x20001aa4                __malloc_max_sbrked_mem
 .bss.__malloc_max_total_mem
                0x20001aa8        0x4 /Applications/STM32CubeIDE.app/Contents/Eclipse/plugins/com.st.stm32cube.ide.mcu.externaltools.gnu-tools-for-stm32.12.3.rel1.macos64_1.1.0.202410301201/tools/bin/../lib/gcc/arm-none-eabi/12.3.1/../../../../arm-none-eabi/lib/thumb/v6-m/nofp/libg.a(libc_a-mallocr.o)
                0x20001aa8                __malloc_max_total_mem
 .bss.__malloc_top_pad
                0x20001aac        0x4 /Applications/STM32CubeIDE.app/Contents/Eclipse/plugins/com.st.stm32cube.ide.mcu.externaltools.gnu-tools-for-stm32.12.3.rel1.macos64_1.1.0.202410301201/tools/bin/../lib/gcc/arm-none-eabi/12.3.1/../../../../arm-none-eabi/lib/thumb/v6-m/nofp/libg.a(libc_a-mallocr.o)
                0x20001aac                __malloc_top_pad
 .bss.__sf      0x20001ab0      0x138 /Applications/STM32CubeIDE.app/Contents/Eclipse/plugins/com.st.stm32cube.ide.mcu.externaltools.gnu-tools-for-stm32.12.3.rel1.macos64_1.1.0.202410301201/tools/bin/../lib/gcc/arm-none-eabi/12.3.1/../../../../arm-none-eabi/lib/thumb/v6-m/nofp/libg.a(libc_a-findfp.o)
                0x20001ab0                __sf
 .bss._app_driver
                0x20001be8        0x4 CMakeFiles/my_blink.dir/Users/raeezjaldin/Pico/pico-sdk/lib/tinyusb/src/device/usbd.c.o
 .bss._cdcd_epbuf
                0x20001bec       0x80 CMakeFiles/my_blink.dir/Users/raeezjaldin/Pico/pico-sdk/lib/tinyusb/src/class/cdc/cdc_device.c.o
 .bss._cdcd_fifo_cfg
                0x20001c6c        0x1 CMakeFiles/my_blink.dir/Users/raeezjaldin/Pico/pico-sdk/lib/tinyusb/src/class/cdc/cdc_device.c.o
 *fill*         0x20001c6d        0x3 
 .bss._cdcd_itf
                0x20001c70       0xc8 CMakeFiles/my_blink.dir/Users/raeezjaldin/Pico/pico-sdk/lib/tinyusb/src/class/cdc/cdc_device.c.o
 .bss._ctrl_epbuf